Archive member included to satisfy reference by file (symbol)

C:\Users\GEOFFY~1\AppData\Local\Temp\arduino-sketch-A94140FBAF6775FC295B5C7EAFB0FF51/core\core.a(gcc_startup_nrf52840.S.o)
                              (Reset_Handler)
C:\Users\GEOFFY~1\AppData\Local\Temp\arduino-sketch-A94140FBAF6775FC295B5C7EAFB0FF51/core\core.a(delay.c.o)
                              C:\Users\GEOFFY~1\AppData\Local\Temp\arduino-sketch-A94140FBAF6775FC295B5C7EAFB0FF51\libraries\PhysBrykC\physbryk.cpp.o (delay)
C:\Users\GEOFFY~1\AppData\Local\Temp\arduino-sketch-A94140FBAF6775FC295B5C7EAFB0FF51/core\core.a(tasks.c.o)
                              C:\Users\GEOFFY~1\AppData\Local\Temp\arduino-sketch-A94140FBAF6775FC295B5C7EAFB0FF51/core\core.a(delay.c.o) (xTaskGetTickCount)
C:\Users\GEOFFY~1\AppData\Local\Temp\arduino-sketch-A94140FBAF6775FC295B5C7EAFB0FF51/core\core.a(timers.c.o)
                              C:\Users\GEOFFY~1\AppData\Local\Temp\arduino-sketch-A94140FBAF6775FC295B5C7EAFB0FF51/core\core.a(tasks.c.o) (xTimerCreateTimerTask)
C:\Users\GEOFFY~1\AppData\Local\Temp\arduino-sketch-A94140FBAF6775FC295B5C7EAFB0FF51/core\core.a(port_cmsis.c.o)
                              C:\Users\GEOFFY~1\AppData\Local\Temp\arduino-sketch-A94140FBAF6775FC295B5C7EAFB0FF51/core\core.a(tasks.c.o) (pxPortInitialiseStack)
C:\Users\GEOFFY~1\AppData\Local\Temp\arduino-sketch-A94140FBAF6775FC295B5C7EAFB0FF51/core\core.a(port_cmsis_systick.c.o)
                              C:\Users\GEOFFY~1\AppData\Local\Temp\arduino-sketch-A94140FBAF6775FC295B5C7EAFB0FF51/core\core.a(port_cmsis.c.o) (vPortSetupTimerInterrupt)
C:\Users\GEOFFY~1\AppData\Local\Temp\arduino-sketch-A94140FBAF6775FC295B5C7EAFB0FF51/core\core.a(port.c.o)
                              C:\Users\GEOFFY~1\AppData\Local\Temp\arduino-sketch-A94140FBAF6775FC295B5C7EAFB0FF51/core\core.a(port_cmsis.c.o) (vPortStartFirstTask)
C:\Users\GEOFFY~1\AppData\Local\Temp\arduino-sketch-A94140FBAF6775FC295B5C7EAFB0FF51/core\core.a(hooks.c.o)
                              C:\Users\GEOFFY~1\AppData\Local\Temp\arduino-sketch-A94140FBAF6775FC295B5C7EAFB0FF51/core\core.a(tasks.c.o) (vApplicationIdleHook)
C:\Users\GEOFFY~1\AppData\Local\Temp\arduino-sketch-A94140FBAF6775FC295B5C7EAFB0FF51/core\core.a(system_nrf52840.c.o)
                              C:\Users\GEOFFY~1\AppData\Local\Temp\arduino-sketch-A94140FBAF6775FC295B5C7EAFB0FF51/core\core.a(gcc_startup_nrf52840.S.o) (SystemInit)
C:\Users\GEOFFY~1\AppData\Local\Temp\arduino-sketch-A94140FBAF6775FC295B5C7EAFB0FF51/core\core.a(wiring.c.o)
                              C:\Users\GEOFFY~1\AppData\Local\Temp\arduino-sketch-A94140FBAF6775FC295B5C7EAFB0FF51/core\core.a(port_cmsis_systick.c.o) (nrf_nvic_state)
C:\Users\GEOFFY~1\AppData\Local\Temp\arduino-sketch-A94140FBAF6775FC295B5C7EAFB0FF51/core\core.a(wiring_digital.c.o)
                              C:\Users\GEOFFY~1\AppData\Local\Temp\arduino-sketch-A94140FBAF6775FC295B5C7EAFB0FF51\libraries\PhysBrykC\physbryk.cpp.o (pinMode)
C:\Users\GEOFFY~1\AppData\Local\Temp\arduino-sketch-A94140FBAF6775FC295B5C7EAFB0FF51/core\core.a(Print.cpp.o)
                              C:\Users\GEOFFY~1\AppData\Local\Temp\arduino-sketch-A94140FBAF6775FC295B5C7EAFB0FF51\sketch\proximity.ino.cpp.o (Print::println(char const*))
C:\Users\GEOFFY~1\AppData\Local\Temp\arduino-sketch-A94140FBAF6775FC295B5C7EAFB0FF51/core\core.a(RingBuffer.cpp.o)
                              C:\Users\GEOFFY~1\AppData\Local\Temp\arduino-sketch-A94140FBAF6775FC295B5C7EAFB0FF51\libraries\Wire\Wire_nRF52.cpp.o (RingBuffer::RingBuffer())
C:\Users\GEOFFY~1\AppData\Local\Temp\arduino-sketch-A94140FBAF6775FC295B5C7EAFB0FF51/core\core.a(Adafruit_USBD_CDC.cpp.o)
                              C:\Users\GEOFFY~1\AppData\Local\Temp\arduino-sketch-A94140FBAF6775FC295B5C7EAFB0FF51\sketch\proximity.ino.cpp.o (Adafruit_USBD_CDC::begin(unsigned long))
C:\Users\GEOFFY~1\AppData\Local\Temp\arduino-sketch-A94140FBAF6775FC295B5C7EAFB0FF51/core\core.a(Adafruit_TinyUSB_nRF.cpp.o)
                              C:\Users\GEOFFY~1\AppData\Local\Temp\arduino-sketch-A94140FBAF6775FC295B5C7EAFB0FF51/core\core.a(Adafruit_USBD_CDC.cpp.o) (Adafruit_TinyUSB_Core_touch1200())
C:\Users\GEOFFY~1\AppData\Local\Temp\arduino-sketch-A94140FBAF6775FC295B5C7EAFB0FF51/core\core.a(abi.cpp.o)
                              C:\Users\GEOFFY~1\AppData\Local\Temp\arduino-sketch-A94140FBAF6775FC295B5C7EAFB0FF51/core\core.a(Print.cpp.o) (__cxa_pure_virtual)
C:\Users\GEOFFY~1\AppData\Local\Temp\arduino-sketch-A94140FBAF6775FC295B5C7EAFB0FF51/core\core.a(main.cpp.o)
                              c:/users/geoffysicist/appdata/local/arduino15/packages/adafruit/tools/arm-none-eabi-gcc/9-2019q4/bin/../lib/gcc/arm-none-eabi/9.2.1/../../../../arm-none-eabi/lib/thumb/v7e-m+fp/hard/crt0.o (main)
C:\Users\GEOFFY~1\AppData\Local\Temp\arduino-sketch-A94140FBAF6775FC295B5C7EAFB0FF51/core\core.a(new.cpp.o)
[...]
Memory Configuration

Name             Origin             Length             Attributes
FLASH            0x00026000         0x000c7000         xr
RAM              0x20006000         0x0003a000         xrw
*default*        0x00000000         0xffffffff

Linker script and memory map

                0x00000800                __StackSize = 0x800
                0x20040000                PROVIDE (__StackTop = (ORIGIN (RAM) + LENGTH (RAM)))
                0x2003f800                PROVIDE (__StackLimit = (__StackTop - __StackSize))
                0x20040000                PROVIDE (__stack = __StackTop)
                0x00026000                __flash_arduino_start = ORIGIN (FLASH)
                0x000ed000                __flash_arduino_end = (ORIGIN (FLASH) + LENGTH (FLASH))

.text           0x00026000     0x9894
 *(.isr_vector)
 .isr_vector    0x00026000      0x200 C:\Users\GEOFFY~1\AppData\Local\Temp\arduino-sketch-A94140FBAF6775FC295B5C7EAFB0FF51/core\core.a(gcc_startup_nrf52840.S.o)
                0x00026000                __isr_vector
 *(.text*)
 .text.startup  0x00026200       0x10 c:/users/geoffysicist/appdata/local/arduino15/packages/adafruit/tools/arm-none-eabi-gcc/9-2019q4/bin/../lib/gcc/arm-none-eabi/9.2.1/thumb/v7e-m+fp/hard/crtfastmath.o
 .text          0x00026210       0x40 c:/users/geoffysicist/appdata/local/arduino15/packages/adafruit/tools/arm-none-eabi-gcc/9-2019q4/bin/../lib/gcc/arm-none-eabi/9.2.1/thumb/v7e-m+fp/hard/crtbegin.o
 .text          0x00026250       0x74 c:/users/geoffysicist/appdata/local/arduino15/packages/adafruit/tools/arm-none-eabi-gcc/9-2019q4/bin/../lib/gcc/arm-none-eabi/9.2.1/../../../../arm-none-eabi/lib/thumb/v7e-m+fp/hard/crt0.o
                0x00026250                _start
                0x00026250                _mainCRTStartup
 .text.setup    0x000262c4       0x34 C:\Users\GEOFFY~1\AppData\Local\Temp\arduino-sketch-A94140FBAF6775FC295B5C7EAFB0FF51\sketch\proximity.ino.cpp.o
                0x000262c4                setup
 .text.loop     0x000262f8       0x2c C:\Users\GEOFFY~1\AppData\Local\Temp\arduino-sketch-A94140FBAF6775FC295B5C7EAFB0FF51\sketch\proximity.ino.cpp.o
                0x000262f8                loop
 .text.startup._GLOBAL__sub_I_thisBryk
                0x00026324        0xc C:\Users\GEOFFY~1\AppData\Local\Temp\arduino-sketch-A94140FBAF6775FC295B5C7EAFB0FF51\sketch\proximity.ino.cpp.o
 .text._ZN8PhysBrykC2Ei
                0x00026330       0x14 C:\Users\GEOFFY~1\AppData\Local\Temp\arduino-sketch-A94140FBAF6775FC295B5C7EAFB0FF51\libraries\PhysBrykC\physbryk.cpp.o
                0x00026330                PhysBryk::PhysBryk(int)
                0x00026330                PhysBryk::PhysBryk(int)
 .text._ZN8PhysBryk5beginEv
                0x00026344        0x4 C:\Users\GEOFFY~1\AppData\Local\Temp\arduino-sketch-A94140FBAF6775FC295B5C7EAFB0FF51\libraries\PhysBrykC\physbryk.cpp.o
                0x00026344                PhysBryk::begin()
 .text._ZN8PhysBryk5blynkEv
                0x00026348       0x28 C:\Users\GEOFFY~1\AppData\Local\Temp\arduino-sketch-A94140FBAF6775FC295B5C7EAFB0FF51\libraries\PhysBrykC\physbryk.cpp.o
                0x00026348                PhysBryk::blynk()
 .text._ZN8APDS9960D2Ev
                0x00026370        0x4 C:\Users\GEOFFY~1\AppData\Local\Temp\arduino-sketch-A94140FBAF6775FC295B5C7EAFB0FF51\libraries\Arduino_APDS9960\Arduino_APDS9960.cpp.o
                0x00026370                APDS9960::~APDS9960()
                0x00026370                APDS9960::~APDS9960()
 .text._ZN8APDS9960D0Ev
                0x00026374        0xc C:\Users\GEOFFY~1\AppData\Local\Temp\arduino-sketch-A94140FBAF6775FC295B5C7EAFB0FF51\libraries\Arduino_APDS9960\Arduino_APDS9960.cpp.o
                0x00026374                APDS9960::~APDS9960()
 .text.startup._GLOBAL__sub_I__ZN8APDS9960C2ER7TwoWirei
                0x00026380       0x44 C:\Users\GEOFFY~1\AppData\Local\Temp\arduino-sketch-A94140FBAF6775FC295B5C7EAFB0FF51\libraries\Arduino_APDS9960\Arduino_APDS9960.cpp.o
 .text._ZN5Print17availableForWriteEv
                0x000263c4        0x4 C:\Users\GEOFFY~1\AppData\Local\Temp\arduino-sketch-A94140FBAF6775FC295B5C7EAFB0FF51\libraries\Wire\Wire_nRF52.cpp.o
                0x000263c4                Print::availableForWrite()
 .text._ZN7TwoWire5flushEv
                0x000263c8        0x4 C:\Users\GEOFFY~1\AppData\Local\Temp\arduino-sketch-A94140FBAF6775FC295B5C7EAFB0FF51\libraries\Wire\Wire_nRF52.cpp.o
                0x000263c8                TwoWire::flush()
 .text._ZN7TwoWire9availableEv
                0x000263cc        0x8 C:\Users\GEOFFY~1\AppData\Local\Temp\arduino-sketch-A94140FBAF6775FC295B5C7EAFB0FF51\libraries\Wire\Wire_nRF52.cpp.o
                0x000263cc                TwoWire::available()
 .text._ZN7TwoWire5writeEh
                0x000263d4       0x28 C:\Users\GEOFFY~1\AppData\Local\Temp\arduino-sketch-A94140FBAF6775FC295B5C7EAFB0FF51\libraries\Wire\Wire_nRF52.cpp.o
                0x000263d4                TwoWire::write(unsigned char)
 .text._ZN7TwoWire4readEv
                0x000263fc        0x8 C:\Users\GEOFFY~1\AppData\Local\Temp\arduino-sketch-A94140FBAF6775FC295B5C7EAFB0FF51\libraries\Wire\Wire_nRF52.cpp.o
                0x000263fc                TwoWire::read()
 .text._ZN7TwoWire4peekEv
                0x00026404        0x8 C:\Users\GEOFFY~1\AppData\Local\Temp\arduino-sketch-A94140FBAF6775FC295B5C7EAFB0FF51\libraries\Wire\Wire_nRF52.cpp.o
                0x00026404                TwoWire::peek()
 .text._ZN7TwoWire5writeEPKhj
                0x0002640c       0x70 C:\Users\GEOFFY~1\AppData\Local\Temp\arduino-sketch-A94140FBAF6775FC295B5C7EAFB0FF51\libraries\Wire\Wire_nRF52.cpp.o
                0x0002640c                TwoWire::write(unsigned char const*, unsigned int)
 .text.SPIM0_SPIS0_TWIM0_TWIS0_SPI0_TWI0_IRQHandler
                0x0002647c       0xb4 C:\Users\GEOFFY~1\AppData\Local\Temp\arduino-sketch-A94140FBAF6775FC295B5C7EAFB0FF51\libraries\Wire\Wire_nRF52.cpp.o
                0x0002647c                SPIM0_SPIS0_TWIM0_TWIS0_SPI0_TWI0_IRQHandler
 .text.startup._GLOBAL__sub_I__ZN7TwoWireC2EP13NRF_TWIM_TypeP13NRF_TWIS_Type9IRQn_Typehh
                0x00026530       0x4c C:\Users\GEOFFY~1\AppData\Local\Temp\arduino-sketch-A94140FBAF6775FC295B5C7EAFB0FF51\libraries\Wire\Wire_nRF52.cpp.o
 .text._Z11initVariantv
                0x0002657c       0x24 C:\Users\GEOFFY~1\AppData\Local\Temp\arduino-sketch-A94140FBAF6775FC295B5C7EAFB0FF51\core\variant.cpp.o
                0x0002657c                initVariant()
 .text          0x000265a0       0x54 C:\Users\GEOFFY~1\AppData\Local\Temp\arduino-sketch-A94140FBAF6775FC295B5C7EAFB0FF51/core\core.a(gcc_startup_nrf52840.S.o)
                0x000265a0                Reset_Handler
                0x000265e0                NMI_Handler
                0x000265e2                HardFault_Handler
                0x000265e4                MemoryManagement_Handler
                0x000265e6                BusFault_Handler
                0x000265e8                UsageFault_Handler
                0x000265ec                DebugMon_Handler
                0x000265f0                SysTick_Handler
                0x000265f2                RTC0_IRQHandler
                0x000265f2                RADIO_IRQHandler
                0x000265f2                PDM_IRQHandler
                0x000265f2                TEMP_IRQHandler
                0x000265f2                QDEC_IRQHandler
                0x000265f2                PWM1_IRQHandler
                0x000265f2                GPIOTE_IRQHandler
                0x000265f2                PWM3_IRQHandler
                0x000265f2                FPU_IRQHandler
                0x000265f2                SWI2_EGU2_IRQHandler
                0x000265f2                UARTE0_UART0_IRQHandler
                0x000265f2                TIMER4_IRQHandler
                0x000265f2                CRYPTOCELL_IRQHandler
                0x000265f2                I2S_IRQHandler
                0x000265f2                SWI4_EGU4_IRQHandler
                0x000265f2                TIMER3_IRQHandler
                0x000265f2                TIMER2_IRQHandler
                0x000265f2                UARTE1_IRQHandler
                0x000265f2                TIMER1_IRQHandler
                0x000265f2                SPIM3_IRQHandler
                0x000265f2                PWM2_IRQHandler
                0x000265f2                ECB_IRQHandler
                0x000265f2                SPIM1_SPIS1_TWIM1_TWIS1_SPI1_TWI1_IRQHandler
                0x000265f2                Default_Handler
                0x000265f2                SAADC_IRQHandler
                0x000265f2                CCM_AAR_IRQHandler
                0x000265f2                WDT_IRQHandler
                0x000265f2                SWI5_EGU5_IRQHandler
                0x000265f2                RNG_IRQHandler
                0x000265f2                RTC2_IRQHandler
                0x000265f2                PWM0_IRQHandler
                0x000265f2                SWI3_EGU3_IRQHandler
                0x000265f2                SWI1_EGU1_IRQHandler
                0x000265f2                SPIM2_SPIS2_SPI2_IRQHandler
                0x000265f2                NFCT_IRQHandler
                0x000265f2                SWI0_EGU0_IRQHandler
                0x000265f2                MWU_IRQHandler
                0x000265f2                TIMER0_IRQHandler
                0x000265f2                QSPI_IRQHandler
                0x000265f2                COMP_LPCOMP_IRQHandler
 .text.delay    0x000265f4       0x34 C:\Users\GEOFFY~1\AppData\Local\Temp\arduino-sketch-A94140FBAF6775FC295B5C7EAFB0FF51/core\core.a(delay.c.o)
                0x000265f4                delay
 .text.prvAddNewTaskToReadyList
                0x00026628      0x124 C:\Users\GEOFFY~1\AppData\Local\Temp\arduino-sketch-A94140FBAF6775FC295B5C7EAFB0FF51/core\core.a(tasks.c.o)
 .text.xTaskCreateStatic
                0x0002674c       0xe0 C:\Users\GEOFFY~1\AppData\Local\Temp\arduino-sketch-A94140FBAF6775FC295B5C7EAFB0FF51/core\core.a(tasks.c.o)
                0x0002674c                xTaskCreateStatic
 .text.xTaskCreate
                0x0002682c       0xf0 C:\Users\GEOFFY~1\AppData\Local\Temp\arduino-sketch-A94140FBAF6775FC295B5C7EAFB0FF51/core\core.a(tasks.c.o)
                0x0002682c                xTaskCreate
 .text.vTaskStartScheduler
                0x0002691c       0xcc C:\Users\GEOFFY~1\AppData\Local\Temp\arduino-sketch-A94140FBAF6775FC295B5C7EAFB0FF51/core\core.a(tasks.c.o)
                0x0002691c                vTaskStartScheduler
 .text.vTaskSuspendAll
                0x000269e8       0x10 C:\Users\GEOFFY~1\AppData\Local\Temp\arduino-sketch-A94140FBAF6775FC295B5C7EAFB0FF51/core\core.a(tasks.c.o)
                0x000269e8                vTaskSuspendAll
 .text.xTaskGetTickCount
                0x000269f8        0xc C:\Users\GEOFFY~1\AppData\Local\Temp\arduino-sketch-A94140FBAF6775FC295B5C7EAFB0FF51/core\core.a(tasks.c.o)
                0x000269f8                xTaskGetTickCount
 .text.vTaskStepTick
                0x00026a04       0x10 C:\Users\GEOFFY~1\AppData\Local\Temp\arduino-sketch-A94140FBAF6775FC295B5C7EAFB0FF51/core\core.a(tasks.c.o)
                0x00026a04                vTaskStepTick
 .text.xTaskIncrementTick
                0x00026a14      0x134 C:\Users\GEOFFY~1\AppData\Local\Temp\arduino-sketch-A94140FBAF6775FC295B5C7EAFB0FF51/core\core.a(tasks.c.o)
                0x00026a14                xTaskIncrementTick
 .text.xTaskResumeAll
                0x00026b48      0x120 C:\Users\GEOFFY~1\AppData\Local\Temp\arduino-sketch-A94140FBAF6775FC295B5C7EAFB0FF51/core\core.a(tasks.c.o)
                0x00026b48                xTaskResumeAll
 .text.vTaskDelay
                0x00026c68       0x84 C:\Users\GEOFFY~1\AppData\Local\Temp\arduino-sketch-A94140FBAF6775FC295B5C7EAFB0FF51/core\core.a(tasks.c.o)
                0x00026c68                vTaskDelay
 .text.prvIdleTask
                0x00026cec      0x118 C:\Users\GEOFFY~1\AppData\Local\Temp\arduino-sketch-A94140FBAF6775FC295B5C7EAFB0FF51/core\core.a(tasks.c.o)
 .text.vTaskSwitchContext
                0x00026e04       0xbc C:\Users\GEOFFY~1\AppData\Local\Temp\arduino-sketch-A94140FBAF6775FC295B5C7EAFB0FF51/core\core.a(tasks.c.o)
                0x00026e04                vTaskSwitchContext
 .text.vTaskPlaceOnEventList
                0x00026ec0       0x78 C:\Users\GEOFFY~1\AppData\Local\Temp\arduino-sketch-A94140FBAF6775FC295B5C7EAFB0FF51/core\core.a(tasks.c.o)
                0x00026ec0                vTaskPlaceOnEventList
 .text.vTaskPlaceOnEventListRestricted
                0x00026f38       0x80 C:\Users\GEOFFY~1\AppData\Local\Temp\arduino-sketch-A94140FBAF6775FC295B5C7EAFB0FF51/core\core.a(tasks.c.o)
                0x00026f38                vTaskPlaceOnEventListRestricted
 .text.xTaskRemoveFromEventList
                0x00026fb8       0xa4 C:\Users\GEOFFY~1\AppData\Local\Temp\arduino-sketch-A94140FBAF6775FC295B5C7EAFB0FF51/core\core.a(tasks.c.o)
                0x00026fb8                xTaskRemoveFromEventList
 .text.vTaskInternalSetTimeOutState
                0x0002705c       0x18 C:\Users\GEOFFY~1\AppData\Local\Temp\arduino-sketch-A94140FBAF6775FC295B5C7EAFB0FF51/core\core.a(tasks.c.o)
                0x0002705c                vTaskInternalSetTimeOutState
 .text.xTaskCheckForTimeOut
                0x00027074       0x68 C:\Users\GEOFFY~1\AppData\Local\Temp\arduino-sketch-A94140FBAF6775FC295B5C7EAFB0FF51/core\core.a(tasks.c.o)
                0x00027074                xTaskCheckForTimeOut
 .text.vTaskMissedYield
                0x000270dc        0xc C:\Users\GEOFFY~1\AppData\Local\Temp\arduino-sketch-A94140FBAF6775FC295B5C7EAFB0FF51/core\core.a(tasks.c.o)
                0x000270dc                vTaskMissedYield
 .text.eTaskConfirmSleepModeStatus
                0x000270e8       0x38 C:\Users\GEOFFY~1\AppData\Local\Temp\arduino-sketch-A94140FBAF6775FC295B5C7EAFB0FF51/core\core.a(tasks.c.o)
                0x000270e8                eTaskConfirmSleepModeStatus
 .text.xTaskGetSchedulerState
                0x00027120       0x20 C:\Users\GEOFFY~1\AppData\Local\Temp\arduino-sketch-A94140FBAF6775FC295B5C7EAFB0FF51/core\core.a(tasks.c.o)
                0x00027120                xTaskGetSchedulerState
 .text.xTaskPriorityInherit
                0x00027140       0x8c C:\Users\GEOFFY~1\AppData\Local\Temp\arduino-sketch-A94140FBAF6775FC295B5C7EAFB0FF51/core\core.a(tasks.c.o)
                0x00027140                xTaskPriorityInherit
 .text.xTaskPriorityDisinherit
                0x000271cc       0x60 C:\Users\GEOFFY~1\AppData\Local\Temp\arduino-sketch-A94140FBAF6775FC295B5C7EAFB0FF51/core\core.a(tasks.c.o)
                0x000271cc                xTaskPriorityDisinherit
 .text.vTaskPriorityDisinheritAfterTimeout
                0x0002722c       0x74 C:\Users\GEOFFY~1\AppData\Local\Temp\arduino-sketch-A94140FBAF6775FC295B5C7EAFB0FF51/core\core.a(tasks.c.o)
                0x0002722c                vTaskPriorityDisinheritAfterTimeout
 .text.pvTaskIncrementMutexHeldCount
                0x000272a0       0x18 C:\Users\GEOFFY~1\AppData\Local\Temp\arduino-sketch-A94140FBAF6775FC295B5C7EAFB0FF51/core\core.a(tasks.c.o)
                0x000272a0                pvTaskIncrementMutexHeldCount
 .text.prvSwitchTimerLists
                0x000272b8       0x88 C:\Users\GEOFFY~1\AppData\Local\Temp\arduino-sketch-A94140FBAF6775FC295B5C7EAFB0FF51/core\core.a(timers.c.o)
 .text.prvTimerTask
                0x00027340      0x240 C:\Users\GEOFFY~1\AppData\Local\Temp\arduino-sketch-A94140FBAF6775FC295B5C7EAFB0FF51/core\core.a(timers.c.o)
 .text.xTimerCreateTimerTask
                0x00027580       0xac C:\Users\GEOFFY~1\AppData\Local\Temp\arduino-sketch-A94140FBAF6775FC295B5C7EAFB0FF51/core\core.a(timers.c.o)
                0x00027580                xTimerCreateTimerTask
 .text.prvTaskExitError
                0x0002762c        0x8 C:\Users\GEOFFY~1\AppData\Local\Temp\arduino-sketch-A94140FBAF6775FC295B5C7EAFB0FF51/core\core.a(port_cmsis.c.o)
 .text.pxPortInitialiseStack
                0x00027634       0x2c C:\Users\GEOFFY~1\AppData\Local\Temp\arduino-sketch-A94140FBAF6775FC295B5C7EAFB0FF51/core\core.a(port_cmsis.c.o)
                0x00027634                pxPortInitialiseStack
 .text.xPortStartScheduler
                0x00027660       0x4c C:\Users\GEOFFY~1\AppData\Local\Temp\arduino-sketch-A94140FBAF6775FC295B5C7EAFB0FF51/core\core.a(port_cmsis.c.o)
                0x00027660                xPortStartScheduler
 .text.vPortEnterCritical
                0x000276ac       0x14 C:\Users\GEOFFY~1\AppData\Local\Temp\arduino-sketch-A94140FBAF6775FC295B5C7EAFB0FF51/core\core.a(port_cmsis.c.o)
                0x000276ac                vPortEnterCritical
 .text.vPortExitCritical
                0x000276c0       0x14 C:\Users\GEOFFY~1\AppData\Local\Temp\arduino-sketch-A94140FBAF6775FC295B5C7EAFB0FF51/core\core.a(port_cmsis.c.o)
                0x000276c0                vPortExitCritical
 .text.sd_app_evt_wait
                0x000276d4        0x4 C:\Users\GEOFFY~1\AppData\Local\Temp\arduino-sketch-A94140FBAF6775FC295B5C7EAFB0FF51/core\core.a(port_cmsis_systick.c.o)
 .text.sd_softdevice_is_enabled
                0x000276d8        0x4 C:\Users\GEOFFY~1\AppData\Local\Temp\arduino-sketch-A94140FBAF6775FC295B5C7EAFB0FF51/core\core.a(port_cmsis_systick.c.o)
 .text.RTC1_IRQHandler
                0x000276dc       0x88 C:\Users\GEOFFY~1\AppData\Local\Temp\arduino-sketch-A94140FBAF6775FC295B5C7EAFB0FF51/core\core.a(port_cmsis_systick.c.o)
                0x000276dc                RTC1_IRQHandler
 .text.vPortSetupTimerInterrupt
                0x00027764       0x3c C:\Users\GEOFFY~1\AppData\Local\Temp\arduino-sketch-A94140FBAF6775FC295B5C7EAFB0FF51/core\core.a(port_cmsis_systick.c.o)
                0x00027764                vPortSetupTimerInterrupt
 .text.vPortSuppressTicksAndSleep
                0x000277a0      0x1c0 C:\Users\GEOFFY~1\AppData\Local\Temp\arduino-sketch-A94140FBAF6775FC295B5C7EAFB0FF51/core\core.a(port_cmsis_systick.c.o)
                0x000277a0                vPortSuppressTicksAndSleep
 .text.vPortStartFirstTask
                0x00027960       0x24 C:\Users\GEOFFY~1\AppData\Local\Temp\arduino-sketch-A94140FBAF6775FC295B5C7EAFB0FF51/core\core.a(port.c.o)
                0x00027960                vPortStartFirstTask
 .text.SVC_Handler
                0x00027984       0x20 C:\Users\GEOFFY~1\AppData\Local\Temp\arduino-sketch-A94140FBAF6775FC295B5C7EAFB0FF51/core\core.a(port.c.o)
                0x00027984                SVC_Handler
 .text.PendSV_Handler
                0x000279a4       0x60 C:\Users\GEOFFY~1\AppData\Local\Temp\arduino-sketch-A94140FBAF6775FC295B5C7EAFB0FF51/core\core.a(port.c.o)
                0x000279a4                PendSV_Handler
 .text.__empty  0x00027a04        0x4 C:\Users\GEOFFY~1\AppData\Local\Temp\arduino-sketch-A94140FBAF6775FC295B5C7EAFB0FF51/core\core.a(hooks.c.o)
                0x00027a04                vApplicationIdleHook
 .text.SystemInit
                0x00027a08      0x224 C:\Users\GEOFFY~1\AppData\Local\Temp\arduino-sketch-A94140FBAF6775FC295B5C7EAFB0FF51/core\core.a(system_nrf52840.c.o)
                0x00027a08                SystemInit
 .text.__NVIC_SystemReset
                0x00027c2c       0x24 C:\Users\GEOFFY~1\AppData\Local\Temp\arduino-sketch-A94140FBAF6775FC295B5C7EAFB0FF51/core\core.a(wiring.c.o)
 .text.init     0x00027c50       0x68 C:\Users\GEOFFY~1\AppData\Local\Temp\arduino-sketch-A94140FBAF6775FC295B5C7EAFB0FF51/core\core.a(wiring.c.o)
                0x00027c50                init
 .text.enterSerialDfu
                0x00027cb8       0x10 C:\Users\GEOFFY~1\AppData\Local\Temp\arduino-sketch-A94140FBAF6775FC295B5C7EAFB0FF51/core\core.a(wiring.c.o)
                0x00027cb8                enterSerialDfu
 .text.pinMode  0x00027cc8       0x80 C:\Users\GEOFFY~1\AppData\Local\Temp\arduino-sketch-A94140FBAF6775FC295B5C7EAFB0FF51/core\core.a(wiring_digital.c.o)
                0x00027cc8                pinMode
 .text.digitalWrite
                0x00027d48       0x3c C:\Users\GEOFFY~1\AppData\Local\Temp\arduino-sketch-A94140FBAF6775FC295B5C7EAFB0FF51/core\core.a(wiring_digital.c.o)
                0x00027d48                digitalWrite
 .text.ledOff   0x00027d84       0x2c C:\Users\GEOFFY~1\AppData\Local\Temp\arduino-sketch-A94140FBAF6775FC295B5C7EAFB0FF51/core\core.a(wiring_digital.c.o)
                0x00027d84                ledOff
 .text._ZN5Print5writeEPKhj
                0x00027db0       0x2c C:\Users\GEOFFY~1\AppData\Local\Temp\arduino-sketch-A94140FBAF6775FC295B5C7EAFB0FF51/core\core.a(Print.cpp.o)
                0x00027db0                Print::write(unsigned char const*, unsigned int)
 .text._ZN5Print7printlnEPKc
                0x00027ddc       0xa0 C:\Users\GEOFFY~1\AppData\Local\Temp\arduino-sketch-A94140FBAF6775FC295B5C7EAFB0FF51/core\core.a(Print.cpp.o)
                0x00027ddc                Print::println(char const*)
 .text._ZN10RingBufferC2Ev
                0x00027e7c       0x18 C:\Users\GEOFFY~1\AppData\Local\Temp\arduino-sketch-A94140FBAF6775FC295B5C7EAFB0FF51/core\core.a(RingBuffer.cpp.o)
                0x00027e7c                RingBuffer::RingBuffer()
                0x00027e7c                RingBuffer::RingBuffer()
 .text._ZN10RingBuffer10store_charEh
                0x00027e94       0x1c C:\Users\GEOFFY~1\AppData\Local\Temp\arduino-sketch-A94140FBAF6775FC295B5C7EAFB0FF51/core\core.a(RingBuffer.cpp.o)
                0x00027e94                RingBuffer::store_char(unsigned char)
 .text._ZN10RingBuffer5clearEv
                0x00027eb0        0x8 C:\Users\GEOFFY~1\AppData\Local\Temp\arduino-sketch-A94140FBAF6775FC295B5C7EAFB0FF51/core\core.a(RingBuffer.cpp.o)
                0x00027eb0                RingBuffer::clear()
 .text._ZN10RingBuffer9read_charEv
                0x00027eb8       0x1c C:\Users\GEOFFY~1\AppData\Local\Temp\arduino-sketch-A94140FBAF6775FC295B5C7EAFB0FF51/core\core.a(RingBuffer.cpp.o)
                0x00027eb8                RingBuffer::read_char()
 .text._ZN10RingBuffer9availableEv
                0x00027ed4        0xc C:\Users\GEOFFY~1\AppData\Local\Temp\arduino-sketch-A94140FBAF6775FC295B5C7EAFB0FF51/core\core.a(RingBuffer.cpp.o)
                0x00027ed4                RingBuffer::available()
 .text._ZN10RingBuffer4peekEv
                0x00027ee0       0x10 C:\Users\GEOFFY~1\AppData\Local\Temp\arduino-sketch-A94140FBAF6775FC295B5C7EAFB0FF51/core\core.a(RingBuffer.cpp.o)
                0x00027ee0                RingBuffer::peek()
 .text._ZN10RingBuffer6isFullEv
                0x00027ef0       0x14 C:\Users\GEOFFY~1\AppData\Local\Temp\arduino-sketch-A94140FBAF6775FC295B5C7EAFB0FF51/core\core.a(RingBuffer.cpp.o)
                0x00027ef0                RingBuffer::isFull()
 .text._ZN17Adafruit_USBD_CDC13getDescriptorEhPht
                0x00027f04       0xe8 C:\Users\GEOFFY~1\AppData\Local\Temp\arduino-sketch-A94140FBAF6775FC295B5C7EAFB0FF51/core\core.a(Adafruit_USBD_CDC.cpp.o)
                0x00027f04                Adafruit_USBD_CDC::getDescriptor(unsigned char, unsigned char*, unsigned short)
 .text._ZN17Adafruit_USBD_CDC9availableEv
                0x00027fec       0x18 C:\Users\GEOFFY~1\AppData\Local\Temp\arduino-sketch-A94140FBAF6775FC295B5C7EAFB0FF51/core\core.a(Adafruit_USBD_CDC.cpp.o)
                0x00027fec                Adafruit_USBD_CDC::available()
 .text._ZN17Adafruit_USBD_CDC4peekEv
                0x00028004       0x24 C:\Users\GEOFFY~1\AppData\Local\Temp\arduino-sketch-A94140FBAF6775FC295B5C7EAFB0FF51/core\core.a(Adafruit_USBD_CDC.cpp.o)
                0x00028004                Adafruit_USBD_CDC::peek()
 .text._ZN17Adafruit_USBD_CDC4readEv
                0x00028028       0x24 C:\Users\GEOFFY~1\AppData\Local\Temp\arduino-sketch-A94140FBAF6775FC295B5C7EAFB0FF51/core\core.a(Adafruit_USBD_CDC.cpp.o)
                0x00028028                Adafruit_USBD_CDC::read()
 .text._ZN17Adafruit_USBD_CDC5flushEv
                0x0002804c        0x8 C:\Users\GEOFFY~1\AppData\Local\Temp\arduino-sketch-A94140FBAF6775FC295B5C7EAFB0FF51/core\core.a(Adafruit_USBD_CDC.cpp.o)
                0x0002804c                Adafruit_USBD_CDC::flush()
 .text._ZN17Adafruit_USBD_CDC5writeEPKhj
                0x00028054       0x34 C:\Users\GEOFFY~1\AppData\Local\Temp\arduino-sketch-A94140FBAF6775FC295B5C7EAFB0FF51/core\core.a(Adafruit_USBD_CDC.cpp.o)
                0x00028054                Adafruit_USBD_CDC::write(unsigned char const*, unsigned int)
 .text._ZN17Adafruit_USBD_CDC17availableForWriteEv
                0x00028088        0x8 C:\Users\GEOFFY~1\AppData\Local\Temp\arduino-sketch-A94140FBAF6775FC295B5C7EAFB0FF51/core\core.a(Adafruit_USBD_CDC.cpp.o)
                0x00028088                Adafruit_USBD_CDC::availableForWrite()
 .text._ZN17Adafruit_USBD_CDC5writeEh
                0x00028090       0x58 C:\Users\GEOFFY~1\AppData\Local\Temp\arduino-sketch-A94140FBAF6775FC295B5C7EAFB0FF51/core\core.a(Adafruit_USBD_CDC.cpp.o)
                0x00028090                Adafruit_USBD_CDC::write(unsigned char)
 .text._ZThn16_N17Adafruit_USBD_CDC13getDescriptorEhPht
                0x000280e8       0xe8 C:\Users\GEOFFY~1\AppData\Local\Temp\arduino-sketch-A94140FBAF6775FC295B5C7EAFB0FF51/core\core.a(Adafruit_USBD_CDC.cpp.o)
                0x000280e8                non-virtual thunk to Adafruit_USBD_CDC::getDescriptor(unsigned char, unsigned char*, unsigned short)
 .text._ZN17Adafruit_USBD_CDC5beginEm
                0x000281d0        0x4 C:\Users\GEOFFY~1\AppData\Local\Temp\arduino-sketch-A94140FBAF6775FC295B5C7EAFB0FF51/core\core.a(Adafruit_USBD_CDC.cpp.o)
                0x000281d0                Adafruit_USBD_CDC::begin(unsigned long)
 .text.tud_cdc_line_state_cb
                0x000281d4       0x24 C:\Users\GEOFFY~1\AppData\Local\Temp\arduino-sketch-A94140FBAF6775FC295B5C7EAFB0FF51/core\core.a(Adafruit_USBD_CDC.cpp.o)
                0x000281d4                tud_cdc_line_state_cb
 .text.startup._GLOBAL__sub_I_Serial
                0x000281f8       0x28 C:\Users\GEOFFY~1\AppData\Local\Temp\arduino-sketch-A94140FBAF6775FC295B5C7EAFB0FF51/core\core.a(Adafruit_USBD_CDC.cpp.o)
 .text._ZL15usb_device_taskPv
                0x00028220       0x70 C:\Users\GEOFFY~1\AppData\Local\Temp\arduino-sketch-A94140FBAF6775FC295B5C7EAFB0FF51/core\core.a(Adafruit_TinyUSB_nRF.cpp.o)
 .text.USBD_IRQHandler
                0x00028290        0x8 C:\Users\GEOFFY~1\AppData\Local\Temp\arduino-sketch-A94140FBAF6775FC295B5C7EAFB0FF51/core\core.a(Adafruit_TinyUSB_nRF.cpp.o)
                0x00028290                USBD_IRQHandler
 .text._Z26Adafruit_TinyUSB_Core_initv
                0x00028298       0x24 C:\Users\GEOFFY~1\AppData\Local\Temp\arduino-sketch-A94140FBAF6775FC295B5C7EAFB0FF51/core\core.a(Adafruit_TinyUSB_nRF.cpp.o)
                0x00028298                Adafruit_TinyUSB_Core_init()
 .text._Z31Adafruit_TinyUSB_Core_touch1200v
                0x000282bc       0x10 C:\Users\GEOFFY~1\AppData\Local\Temp\arduino-sketch-A94140FBAF6775FC295B5C7EAFB0FF51/core\core.a(Adafruit_TinyUSB_nRF.cpp.o)
                0x000282bc                Adafruit_TinyUSB_Core_touch1200()
 .text._ZN20Adafruit_USBD_Device19getSerialDescriptorEPt
                0x000282cc       0x80 C:\Users\GEOFFY~1\AppData\Local\Temp\arduino-sketch-A94140FBAF6775FC295B5C7EAFB0FF51/core\core.a(Adafruit_TinyUSB_nRF.cpp.o)
                0x000282cc                Adafruit_USBD_Device::getSerialDescriptor(unsigned short*)
 .text._ZL9loop_taskPv
                0x0002834c       0x54 C:\Users\GEOFFY~1\AppData\Local\Temp\arduino-sketch-A94140FBAF6775FC295B5C7EAFB0FF51/core\core.a(main.cpp.o)
 .text.startup.main
                0x000283a0       0x60 C:\Users\GEOFFY~1\AppData\Local\Temp\arduino-sketch-A94140FBAF6775FC295B5C7EAFB0FF51/core\core.a(main.cpp.o)
                0x000283a0                main
 .text._ZdlPv   0x00028400       0x20 C:\Users\GEOFFY~1\AppData\Local\Temp\arduino-sketch-A94140FBAF6775FC295B5C7EAFB0FF51/core\core.a(new.cpp.o)
                0x00028400                operator delete(void*)
 .text._sbrk    0x00028420       0x2c C:\Users\GEOFFY~1\AppData\Local\Temp\arduino-sketch-A94140FBAF6775FC295B5C7EAFB0FF51/core\core.a(new.cpp.o)
                0x00028420                _sbrk
 .text.__malloc_lock
                0x0002844c        0x4 C:\Users\GEOFFY~1\AppData\Local\Temp\arduino-sketch-A94140FBAF6775FC295B5C7EAFB0FF51/core\core.a(new.cpp.o)
                0x0002844c                __malloc_lock
 .text.__malloc_unlock
                0x00028450        0x4 C:\Users\GEOFFY~1\AppData\Local\Temp\arduino-sketch-A94140FBAF6775FC295B5C7EAFB0FF51/core\core.a(new.cpp.o)
                0x00028450                __malloc_unlock
 .text.yield    0x00028454       0x20 C:\Users\GEOFFY~1\AppData\Local\Temp\arduino-sketch-A94140FBAF6775FC295B5C7EAFB0FF51/core\core.a(rtos.cpp.o)
                0x00028454                yield
 .text.vApplicationStackOverflowHook
                0x00028474        0x4 C:\Users\GEOFFY~1\AppData\Local\Temp\arduino-sketch-A94140FBAF6775FC295B5C7EAFB0FF51/core\core.a(rtos.cpp.o)
                0x00028474                vApplicationStackOverflowHook
 .text.vApplicationMallocFailedHook
                0x00028478        0x4 C:\Users\GEOFFY~1\AppData\Local\Temp\arduino-sketch-A94140FBAF6775FC295B5C7EAFB0FF51/core\core.a(rtos.cpp.o)
                0x00028478                vApplicationMallocFailedHook
 .text.vApplicationGetIdleTaskMemory
                0x0002847c       0x1c C:\Users\GEOFFY~1\AppData\Local\Temp\arduino-sketch-A94140FBAF6775FC295B5C7EAFB0FF51/core\core.a(rtos.cpp.o)
                0x0002847c                vApplicationGetIdleTaskMemory
 .text.vApplicationGetTimerTaskMemory
                0x00028498       0x20 C:\Users\GEOFFY~1\AppData\Local\Temp\arduino-sketch-A94140FBAF6775FC295B5C7EAFB0FF51/core\core.a(rtos.cpp.o)
                0x00028498                vApplicationGetTimerTaskMemory
 .text.tud_cdc_n_connected
                0x000284b8       0x2c C:\Users\GEOFFY~1\AppData\Local\Temp\arduino-sketch-A94140FBAF6775FC295B5C7EAFB0FF51/core\core.a(cdc_device.c.o)
                0x000284b8                tud_cdc_n_connected
 .text.tud_cdc_n_get_line_coding
                0x000284e4       0x20 C:\Users\GEOFFY~1\AppData\Local\Temp\arduino-sketch-A94140FBAF6775FC295B5C7EAFB0FF51/core\core.a(cdc_device.c.o)
                0x000284e4                tud_cdc_n_get_line_coding
 .text.tud_cdc_n_available
                0x00028504       0x14 C:\Users\GEOFFY~1\AppData\Local\Temp\arduino-sketch-A94140FBAF6775FC295B5C7EAFB0FF51/core\core.a(cdc_device.c.o)
                0x00028504                tud_cdc_n_available
 .text.tud_cdc_n_read
                0x00028518       0x4c C:\Users\GEOFFY~1\AppData\Local\Temp\arduino-sketch-A94140FBAF6775FC295B5C7EAFB0FF51/core\core.a(cdc_device.c.o)
                0x00028518                tud_cdc_n_read
 .text.tud_cdc_n_peek
                0x00028564       0x1c C:\Users\GEOFFY~1\AppData\Local\Temp\arduino-sketch-A94140FBAF6775FC295B5C7EAFB0FF51/core\core.a(cdc_device.c.o)
                0x00028564                tud_cdc_n_peek
 .text.tud_cdc_n_write
                0x00028580       0x1c C:\Users\GEOFFY~1\AppData\Local\Temp\arduino-sketch-A94140FBAF6775FC295B5C7EAFB0FF51/core\core.a(cdc_device.c.o)
                0x00028580                tud_cdc_n_write
 .text.tud_cdc_n_write_flush
                0x0002859c       0x70 C:\Users\GEOFFY~1\AppData\Local\Temp\arduino-sketch-A94140FBAF6775FC295B5C7EAFB0FF51/core\core.a(cdc_device.c.o)
                0x0002859c                tud_cdc_n_write_flush
 .text.tud_cdc_n_write_available
                0x0002860c       0x18 C:\Users\GEOFFY~1\AppData\Local\Temp\arduino-sketch-A94140FBAF6775FC295B5C7EAFB0FF51/core\core.a(cdc_device.c.o)
                0x0002860c                tud_cdc_n_write_available
 .text.cdcd_init
                0x00028624       0x74 C:\Users\GEOFFY~1\AppData\Local\Temp\arduino-sketch-A94140FBAF6775FC295B5C7EAFB0FF51/core\core.a(cdc_device.c.o)
                0x00028624                cdcd_init
 .text.cdcd_reset
                0x00028698       0x24 C:\Users\GEOFFY~1\AppData\Local\Temp\arduino-sketch-A94140FBAF6775FC295B5C7EAFB0FF51/core\core.a(cdc_device.c.o)
                0x00028698                cdcd_reset
 .text.cdcd_open
                0x000286bc       0xe8 C:\Users\GEOFFY~1\AppData\Local\Temp\arduino-sketch-A94140FBAF6775FC295B5C7EAFB0FF51/core\core.a(cdc_device.c.o)
                0x000286bc                cdcd_open
 .text.cdcd_control_complete
                0x000287a4       0x40 C:\Users\GEOFFY~1\AppData\Local\Temp\arduino-sketch-A94140FBAF6775FC295B5C7EAFB0FF51/core\core.a(cdc_device.c.o)
                0x000287a4                cdcd_control_complete
 .text.cdcd_control_request
                0x000287e4       0x64 C:\Users\GEOFFY~1\AppData\Local\Temp\arduino-sketch-A94140FBAF6775FC295B5C7EAFB0FF51/core\core.a(cdc_device.c.o)
                0x000287e4                cdcd_control_request
 .text.cdcd_xfer_cb
                0x00028848      0x134 C:\Users\GEOFFY~1\AppData\Local\Temp\arduino-sketch-A94140FBAF6775FC295B5C7EAFB0FF51/core\core.a(cdc_device.c.o)
                0x00028848                cdcd_xfer_cb
 .text.tu_fifo_config
                0x0002897c       0x58 C:\Users\GEOFFY~1\AppData\Local\Temp\arduino-sketch-A94140FBAF6775FC295B5C7EAFB0FF51/core\core.a(tusb_fifo.c.o)
                0x0002897c                tu_fifo_config
 .text.tu_fifo_read_n
                0x000289d4      0x104 C:\Users\GEOFFY~1\AppData\Local\Temp\arduino-sketch-A94140FBAF6775FC295B5C7EAFB0FF51/core\core.a(tusb_fifo.c.o)
                0x000289d4                tu_fifo_read_n
 .text.tu_fifo_peek_at
                0x00028ad8       0x58 C:\Users\GEOFFY~1\AppData\Local\Temp\arduino-sketch-A94140FBAF6775FC295B5C7EAFB0FF51/core\core.a(tusb_fifo.c.o)
                0x00028ad8                tu_fifo_peek_at
 .text.tu_fifo_write
                0x00028b30       0x78 C:\Users\GEOFFY~1\AppData\Local\Temp\arduino-sketch-A94140FBAF6775FC295B5C7EAFB0FF51/core\core.a(tusb_fifo.c.o)
                0x00028b30                tu_fifo_write
 .text.tu_fifo_write_n
                0x00028ba8      0x164 C:\Users\GEOFFY~1\AppData\Local\Temp\arduino-sketch-A94140FBAF6775FC295B5C7EAFB0FF51/core\core.a(tusb_fifo.c.o)
                0x00028ba8                tu_fifo_write_n
 .text.tu_fifo_clear
                0x00028d0c       0x34 C:\Users\GEOFFY~1\AppData\Local\Temp\arduino-sketch-A94140FBAF6775FC295B5C7EAFB0FF51/core\core.a(tusb_fifo.c.o)
                0x00028d0c                tu_fifo_clear
 .text.tud_mounted
                0x00028d40       0x10 C:\Users\GEOFFY~1\AppData\Local\Temp\arduino-sketch-A94140FBAF6775FC295B5C7EAFB0FF51/core\core.a(usbd.c.o)
                0x00028d40                tud_mounted
 .text.tud_suspended
                0x00028d50       0x10 C:\Users\GEOFFY~1\AppData\Local\Temp\arduino-sketch-A94140FBAF6775FC295B5C7EAFB0FF51/core\core.a(usbd.c.o)
                0x00028d50                tud_suspended
 .text.tud_init
                0x00028d60       0x70 C:\Users\GEOFFY~1\AppData\Local\Temp\arduino-sketch-A94140FBAF6775FC295B5C7EAFB0FF51/core\core.a(usbd.c.o)
                0x00028d60                tud_init
 .text.tud_task
                0x00028dd0      0x6e8 C:\Users\GEOFFY~1\AppData\Local\Temp\arduino-sketch-A94140FBAF6775FC295B5C7EAFB0FF51/core\core.a(usbd.c.o)
                0x00028dd0                tud_task
 .text.dcd_event_bus_signal
                0x000294b8       0xd4 C:\Users\GEOFFY~1\AppData\Local\Temp\arduino-sketch-A94140FBAF6775FC295B5C7EAFB0FF51/core\core.a(usbd.c.o)
                0x000294b8                dcd_event_bus_signal
 .text.dcd_event_setup_received
                0x0002958c       0x60 C:\Users\GEOFFY~1\AppData\Local\Temp\arduino-sketch-A94140FBAF6775FC295B5C7EAFB0FF51/core\core.a(usbd.c.o)
                0x0002958c                dcd_event_setup_received
 .text.dcd_event_xfer_complete
                0x000295ec       0x68 C:\Users\GEOFFY~1\AppData\Local\Temp\arduino-sketch-A94140FBAF6775FC295B5C7EAFB0FF51/core\core.a(usbd.c.o)
                0x000295ec                dcd_event_xfer_complete
 .text.usbd_open_edpt_pair
                0x00029654       0x74 C:\Users\GEOFFY~1\AppData\Local\Temp\arduino-sketch-A94140FBAF6775FC295B5C7EAFB0FF51/core\core.a(usbd.c.o)
                0x00029654                usbd_open_edpt_pair
 .text.usbd_defer_func
                0x000296c8       0x54 C:\Users\GEOFFY~1\AppData\Local\Temp\arduino-sketch-A94140FBAF6775FC295B5C7EAFB0FF51/core\core.a(usbd.c.o)
                0x000296c8                usbd_defer_func
 .text.usbd_edpt_open
                0x0002971c        0x4 C:\Users\GEOFFY~1\AppData\Local\Temp\arduino-sketch-A94140FBAF6775FC295B5C7EAFB0FF51/core\core.a(usbd.c.o)
                0x0002971c                usbd_edpt_open
 .text.usbd_edpt_xfer
                0x00029720       0x48 C:\Users\GEOFFY~1\AppData\Local\Temp\arduino-sketch-A94140FBAF6775FC295B5C7EAFB0FF51/core\core.a(usbd.c.o)
                0x00029720                usbd_edpt_xfer
 .text.usbd_edpt_busy
                0x00029768       0x1c C:\Users\GEOFFY~1\AppData\Local\Temp\arduino-sketch-A94140FBAF6775FC295B5C7EAFB0FF51/core\core.a(usbd.c.o)
                0x00029768                usbd_edpt_busy
 .text.usbd_edpt_stall
                0x00029784       0x34 C:\Users\GEOFFY~1\AppData\Local\Temp\arduino-sketch-A94140FBAF6775FC295B5C7EAFB0FF51/core\core.a(usbd.c.o)
                0x00029784                usbd_edpt_stall
 .text.usbd_edpt_stalled
                0x000297b8       0x1c C:\Users\GEOFFY~1\AppData\Local\Temp\arduino-sketch-A94140FBAF6775FC295B5C7EAFB0FF51/core\core.a(usbd.c.o)
                0x000297b8                usbd_edpt_stalled
 .text.tud_control_status
                0x000297d4       0x34 C:\Users\GEOFFY~1\AppData\Local\Temp\arduino-sketch-A94140FBAF6775FC295B5C7EAFB0FF51/core\core.a(usbd_control.c.o)
                0x000297d4                tud_control_status
 .text.tud_control_xfer
                0x00029808       0xb4 C:\Users\GEOFFY~1\AppData\Local\Temp\arduino-sketch-A94140FBAF6775FC295B5C7EAFB0FF51/core\core.a(usbd_control.c.o)
                0x00029808                tud_control_xfer
 .text.usbd_control_reset
                0x000298bc       0x14 C:\Users\GEOFFY~1\AppData\Local\Temp\arduino-sketch-A94140FBAF6775FC295B5C7EAFB0FF51/core\core.a(usbd_control.c.o)
                0x000298bc                usbd_control_reset
 .text.usbd_control_set_complete_callback
                0x000298d0        0xc C:\Users\GEOFFY~1\AppData\Local\Temp\arduino-sketch-A94140FBAF6775FC295B5C7EAFB0FF51/core\core.a(usbd_control.c.o)
                0x000298d0                usbd_control_set_complete_callback
 .text.usbd_control_set_request
                0x000298dc       0x18 C:\Users\GEOFFY~1\AppData\Local\Temp\arduino-sketch-A94140FBAF6775FC295B5C7EAFB0FF51/core\core.a(usbd_control.c.o)
                0x000298dc                usbd_control_set_request
 .text.usbd_control_xfer_cb
                0x000298f4      0x10c C:\Users\GEOFFY~1\AppData\Local\Temp\arduino-sketch-A94140FBAF6775FC295B5C7EAFB0FF51/core\core.a(usbd_control.c.o)
                0x000298f4                usbd_control_xfer_cb
 .text.sd_clock_hfclk_request
                0x00029a00        0x4 C:\Users\GEOFFY~1\AppData\Local\Temp\arduino-sketch-A94140FBAF6775FC295B5C7EAFB0FF51/core\core.a(dcd_nrf5x.c.o)
 .text.sd_clock_hfclk_release
                0x00029a04        0x4 C:\Users\GEOFFY~1\AppData\Local\Temp\arduino-sketch-A94140FBAF6775FC295B5C7EAFB0FF51/core\core.a(dcd_nrf5x.c.o)
 .text.sd_clock_hfclk_is_running
                0x00029a08        0x4 C:\Users\GEOFFY~1\AppData\Local\Temp\arduino-sketch-A94140FBAF6775FC295B5C7EAFB0FF51/core\core.a(dcd_nrf5x.c.o)
 .text.sd_softdevice_is_enabled
                0x00029a0c        0x4 C:\Users\GEOFFY~1\AppData\Local\Temp\arduino-sketch-A94140FBAF6775FC295B5C7EAFB0FF51/core\core.a(dcd_nrf5x.c.o)
 .text.edpt_dma_start
                0x00029a10       0x64 C:\Users\GEOFFY~1\AppData\Local\Temp\arduino-sketch-A94140FBAF6775FC295B5C7EAFB0FF51/core\core.a(dcd_nrf5x.c.o)
 .text.dcd_init
                0x00029a74        0x4 C:\Users\GEOFFY~1\AppData\Local\Temp\arduino-sketch-A94140FBAF6775FC295B5C7EAFB0FF51/core\core.a(dcd_nrf5x.c.o)
                0x00029a74                dcd_init
 .text.dcd_int_enable
                0x00029a78        0xc C:\Users\GEOFFY~1\AppData\Local\Temp\arduino-sketch-A94140FBAF6775FC295B5C7EAFB0FF51/core\core.a(dcd_nrf5x.c.o)
                0x00029a78                dcd_int_enable
 .text.dcd_set_address
                0x00029a84       0x24 C:\Users\GEOFFY~1\AppData\Local\Temp\arduino-sketch-A94140FBAF6775FC295B5C7EAFB0FF51/core\core.a(dcd_nrf5x.c.o)
                0x00029a84                dcd_set_address
 .text.dcd_edpt_open
                0x00029aa8       0x74 C:\Users\GEOFFY~1\AppData\Local\Temp\arduino-sketch-A94140FBAF6775FC295B5C7EAFB0FF51/core\core.a(dcd_nrf5x.c.o)
                0x00029aa8                dcd_edpt_open
 .text.dcd_edpt_xfer
                0x00029b1c      0x238 C:\Users\GEOFFY~1\AppData\Local\Temp\arduino-sketch-A94140FBAF6775FC295B5C7EAFB0FF51/core\core.a(dcd_nrf5x.c.o)
                0x00029b1c                dcd_edpt_xfer
 .text.dcd_edpt_stall
                0x00029d54       0x20 C:\Users\GEOFFY~1\AppData\Local\Temp\arduino-sketch-A94140FBAF6775FC295B5C7EAFB0FF51/core\core.a(dcd_nrf5x.c.o)
                0x00029d54                dcd_edpt_stall
 .text.dcd_edpt_clear_stall
                0x00029d74       0x20 C:\Users\GEOFFY~1\AppData\Local\Temp\arduino-sketch-A94140FBAF6775FC295B5C7EAFB0FF51/core\core.a(dcd_nrf5x.c.o)
                0x00029d74                dcd_edpt_clear_stall
 .text.dcd_int_handler
                0x00029d94      0x66c C:\Users\GEOFFY~1\AppData\Local\Temp\arduino-sketch-A94140FBAF6775FC295B5C7EAFB0FF51/core\core.a(dcd_nrf5x.c.o)
                0x00029d94                dcd_int_handler
 .text.tusb_hal_nrf_power_event
                0x0002a400      0x378 C:\Users\GEOFFY~1\AppData\Local\Temp\arduino-sketch-A94140FBAF6775FC295B5C7EAFB0FF51/core\core.a(dcd_nrf5x.c.o)
                0x0002a400                tusb_hal_nrf_power_event
 .text.tusb_init
                0x0002a778       0x30 C:\Users\GEOFFY~1\AppData\Local\Temp\arduino-sketch-A94140FBAF6775FC295B5C7EAFB0FF51/core\core.a(tusb.c.o)
                0x0002a778                tusb_init
 .text.tusb_inited
                0x0002a7a8        0xc C:\Users\GEOFFY~1\AppData\Local\Temp\arduino-sketch-A94140FBAF6775FC295B5C7EAFB0FF51/core\core.a(tusb.c.o)
                0x0002a7a8                tusb_inited
 .text.vListInitialise
                0x0002a7b4       0x18 C:\Users\GEOFFY~1\AppData\Local\Temp\arduino-sketch-A94140FBAF6775FC295B5C7EAFB0FF51/core\core.a(list.c.o)
                0x0002a7b4                vListInitialise
 .text.vListInitialiseItem
                0x0002a7cc        0x8 C:\Users\GEOFFY~1\AppData\Local\Temp\arduino-sketch-A94140FBAF6775FC295B5C7EAFB0FF51/core\core.a(list.c.o)
                0x0002a7cc                vListInitialiseItem
 .text.vListInsertEnd
                0x0002a7d4       0x20 C:\Users\GEOFFY~1\AppData\Local\Temp\arduino-sketch-A94140FBAF6775FC295B5C7EAFB0FF51/core\core.a(list.c.o)
                0x0002a7d4                vListInsertEnd
 .text.vListInsert
                0x0002a7f4       0x30 C:\Users\GEOFFY~1\AppData\Local\Temp\arduino-sketch-A94140FBAF6775FC295B5C7EAFB0FF51/core\core.a(list.c.o)
                0x0002a7f4                vListInsert
 .text.uxListRemove
                0x0002a824       0x28 C:\Users\GEOFFY~1\AppData\Local\Temp\arduino-sketch-A94140FBAF6775FC295B5C7EAFB0FF51/core\core.a(list.c.o)
                0x0002a824                uxListRemove
 .text.pvPortMalloc
                0x0002a84c       0x24 C:\Users\GEOFFY~1\AppData\Local\Temp\arduino-sketch-A94140FBAF6775FC295B5C7EAFB0FF51/core\core.a(heap_3.c.o)
                0x0002a84c                pvPortMalloc
 .text.vPortFree
                0x0002a870       0x1c C:\Users\GEOFFY~1\AppData\Local\Temp\arduino-sketch-A94140FBAF6775FC295B5C7EAFB0FF51/core\core.a(heap_3.c.o)
                0x0002a870                vPortFree
 .text.xQueueGenericCreateStatic
                0x0002a88c       0x60 C:\Users\GEOFFY~1\AppData\Local\Temp\arduino-sketch-A94140FBAF6775FC295B5C7EAFB0FF51/core\core.a(queue.c.o)
                0x0002a88c                xQueueGenericCreateStatic
 .text.xQueueGenericCreate
                0x0002a8ec       0x84 C:\Users\GEOFFY~1\AppData\Local\Temp\arduino-sketch-A94140FBAF6775FC295B5C7EAFB0FF51/core\core.a(queue.c.o)
                0x0002a8ec                xQueueGenericCreate
 .text.xQueueGenericSend
                0x0002a970      0x360 C:\Users\GEOFFY~1\AppData\Local\Temp\arduino-sketch-A94140FBAF6775FC295B5C7EAFB0FF51/core\core.a(queue.c.o)
                0x0002a970                xQueueGenericSend
 .text.xQueueCreateMutexStatic
                0x0002acd0       0x6c C:\Users\GEOFFY~1\AppData\Local\Temp\arduino-sketch-A94140FBAF6775FC295B5C7EAFB0FF51/core\core.a(queue.c.o)
                0x0002acd0                xQueueCreateMutexStatic
 .text.xQueueGenericSendFromISR
                0x0002ad3c       0xfc C:\Users\GEOFFY~1\AppData\Local\Temp\arduino-sketch-A94140FBAF6775FC295B5C7EAFB0FF51/core\core.a(queue.c.o)
                0x0002ad3c                xQueueGenericSendFromISR
 .text.xQueueReceive
                0x0002ae38      0x2b8 C:\Users\GEOFFY~1\AppData\Local\Temp\arduino-sketch-A94140FBAF6775FC295B5C7EAFB0FF51/core\core.a(queue.c.o)
                0x0002ae38                xQueueReceive
 .text.xQueueSemaphoreTake
                0x0002b0f0      0x2f8 C:\Users\GEOFFY~1\AppData\Local\Temp\arduino-sketch-A94140FBAF6775FC295B5C7EAFB0FF51/core\core.a(queue.c.o)
                0x0002b0f0                xQueueSemaphoreTake
 .text.vQueueAddToRegistry
                0x0002b3e8       0x24 C:\Users\GEOFFY~1\AppData\Local\Temp\arduino-sketch-A94140FBAF6775FC295B5C7EAFB0FF51/core\core.a(queue.c.o)
                0x0002b3e8                vQueueAddToRegistry
 .text.vQueueWaitForMessageRestricted
                0x0002b40c       0xcc C:\Users\GEOFFY~1\AppData\Local\Temp\arduino-sketch-A94140FBAF6775FC295B5C7EAFB0FF51/core\core.a(queue.c.o)
                0x0002b40c                vQueueWaitForMessageRestricted
 .text.nrfx_power_init
                0x0002b4d8       0x58 C:\Users\GEOFFY~1\AppData\Local\Temp\arduino-sketch-A94140FBAF6775FC295B5C7EAFB0FF51/core\core.a(nrfx_power.c.o)
                0x0002b4d8                nrfx_power_init
 .text.nrfx_power_usbevt_init
                0x0002b530       0x18 C:\Users\GEOFFY~1\AppData\Local\Temp\arduino-sketch-A94140FBAF6775FC295B5C7EAFB0FF51/core\core.a(nrfx_power.c.o)
                0x0002b530                nrfx_power_usbevt_init
 .text.nrfx_power_usbevt_enable
                0x0002b548       0x10 C:\Users\GEOFFY~1\AppData\Local\Temp\arduino-sketch-A94140FBAF6775FC295B5C7EAFB0FF51/core\core.a(nrfx_power.c.o)
                0x0002b548                nrfx_power_usbevt_enable
 .text.POWER_CLOCK_IRQHandler
                0x0002b558       0xec C:\Users\GEOFFY~1\AppData\Local\Temp\arduino-sketch-A94140FBAF6775FC295B5C7EAFB0FF51/core\core.a(nrfx_power.c.o)
                0x0002b558                POWER_CLOCK_IRQHandler
 .text.adafruit_callback_task
                0x0002b644       0xa4 C:\Users\GEOFFY~1\AppData\Local\Temp\arduino-sketch-A94140FBAF6775FC295B5C7EAFB0FF51/core\core.a(AdaCallback.c.o)
                0x0002b644                adafruit_callback_task
 .text.ada_callback_init
                0x0002b6e8       0x48 C:\Users\GEOFFY~1\AppData\Local\Temp\arduino-sketch-A94140FBAF6775FC295B5C7EAFB0FF51/core\core.a(AdaCallback.c.o)
                0x0002b6e8                ada_callback_init
 .text.strcpy_utf16.constprop.0
                0x0002b730      0x13c C:\Users\GEOFFY~1\AppData\Local\Temp\arduino-sketch-A94140FBAF6775FC295B5C7EAFB0FF51/core\core.a(Adafruit_USBD_Device.cpp.o)
 .text._ZN20Adafruit_USBD_DeviceC2Ev
                0x0002b86c       0x80 C:\Users\GEOFFY~1\AppData\Local\Temp\arduino-sketch-A94140FBAF6775FC295B5C7EAFB0FF51/core\core.a(Adafruit_USBD_Device.cpp.o)
                0x0002b86c                Adafruit_USBD_Device::Adafruit_USBD_Device()
                0x0002b86c                Adafruit_USBD_Device::Adafruit_USBD_Device()
 .text._ZN20Adafruit_USBD_Device12addInterfaceER23Adafruit_USBD_Interface
                0x0002b8ec       0x94 C:\Users\GEOFFY~1\AppData\Local\Temp\arduino-sketch-A94140FBAF6775FC295B5C7EAFB0FF51/core\core.a(Adafruit_USBD_Device.cpp.o)
                0x0002b8ec                Adafruit_USBD_Device::addInterface(Adafruit_USBD_Interface&)
 .text._ZN20Adafruit_USBD_Device5setIDEtt
                0x0002b980        0x8 C:\Users\GEOFFY~1\AppData\Local\Temp\arduino-sketch-A94140FBAF6775FC295B5C7EAFB0FF51/core\core.a(Adafruit_USBD_Device.cpp.o)
                0x0002b980                Adafruit_USBD_Device::setID(unsigned short, unsigned short)
 .text._ZN20Adafruit_USBD_Device5beginEv
                0x0002b988        0x4 C:\Users\GEOFFY~1\AppData\Local\Temp\arduino-sketch-A94140FBAF6775FC295B5C7EAFB0FF51/core\core.a(Adafruit_USBD_Device.cpp.o)
                0x0002b988                Adafruit_USBD_Device::begin()
 .text.tud_descriptor_device_cb
                0x0002b98c        0x8 C:\Users\GEOFFY~1\AppData\Local\Temp\arduino-sketch-A94140FBAF6775FC295B5C7EAFB0FF51/core\core.a(Adafruit_USBD_Device.cpp.o)
                0x0002b98c                tud_descriptor_device_cb
 .text.tud_descriptor_configuration_cb
                0x0002b994        0xc C:\Users\GEOFFY~1\AppData\Local\Temp\arduino-sketch-A94140FBAF6775FC295B5C7EAFB0FF51/core\core.a(Adafruit_USBD_Device.cpp.o)
                0x0002b994                tud_descriptor_configuration_cb
 .text.tud_descriptor_string_cb
                0x0002b9a0       0x68 C:\Users\GEOFFY~1\AppData\Local\Temp\arduino-sketch-A94140FBAF6775FC295B5C7EAFB0FF51/core\core.a(Adafruit_USBD_Device.cpp.o)
                0x0002b9a0                tud_descriptor_string_cb
 .text.tud_hid_descriptor_report_cb
                0x0002ba08        0x4 C:\Users\GEOFFY~1\AppData\Local\Temp\arduino-sketch-A94140FBAF6775FC295B5C7EAFB0FF51/core\core.a(Adafruit_USBD_Device.cpp.o)
                0x0002ba08                tud_hid_descriptor_report_cb
 .text.tud_hid_get_report_cb
                0x0002ba0c        0x4 C:\Users\GEOFFY~1\AppData\Local\Temp\arduino-sketch-A94140FBAF6775FC295B5C7EAFB0FF51/core\core.a(Adafruit_USBD_Device.cpp.o)
                0x0002ba0c                tud_hid_get_report_cb
 .text.tud_hid_set_report_cb
                0x0002ba10        0x4 C:\Users\GEOFFY~1\AppData\Local\Temp\arduino-sketch-A94140FBAF6775FC295B5C7EAFB0FF51/core\core.a(Adafruit_USBD_Device.cpp.o)
                0x0002ba10                tud_hid_set_report_cb
 .text.tud_msc_read10_cb
                0x0002ba14        0x8 C:\Users\GEOFFY~1\AppData\Local\Temp\arduino-sketch-A94140FBAF6775FC295B5C7EAFB0FF51/core\core.a(Adafruit_USBD_Device.cpp.o)
                0x0002ba14                tud_msc_read10_cb
 .text.tud_msc_write10_cb
                0x0002ba1c        0x8 C:\Users\GEOFFY~1\AppData\Local\Temp\arduino-sketch-A94140FBAF6775FC295B5C7EAFB0FF51/core\core.a(Adafruit_USBD_Device.cpp.o)
                0x0002ba1c                tud_msc_write10_cb
 .text.tud_msc_inquiry_cb
                0x0002ba24        0x4 C:\Users\GEOFFY~1\AppData\Local\Temp\arduino-sketch-A94140FBAF6775FC295B5C7EAFB0FF51/core\core.a(Adafruit_USBD_Device.cpp.o)
                0x0002ba24                tud_msc_inquiry_cb
 .text.tud_msc_test_unit_ready_cb
                0x0002ba28        0x4 C:\Users\GEOFFY~1\AppData\Local\Temp\arduino-sketch-A94140FBAF6775FC295B5C7EAFB0FF51/core\core.a(Adafruit_USBD_Device.cpp.o)
                0x0002ba28                tud_msc_test_unit_ready_cb
 .text.tud_msc_capacity_cb
                0x0002ba2c        0x4 C:\Users\GEOFFY~1\AppData\Local\Temp\arduino-sketch-A94140FBAF6775FC295B5C7EAFB0FF51/core\core.a(Adafruit_USBD_Device.cpp.o)
                0x0002ba2c                tud_msc_capacity_cb
 .text.tud_msc_scsi_cb
                0x0002ba30        0x8 C:\Users\GEOFFY~1\AppData\Local\Temp\arduino-sketch-A94140FBAF6775FC295B5C7EAFB0FF51/core\core.a(Adafruit_USBD_Device.cpp.o)
                0x0002ba30                tud_msc_scsi_cb
 .text.startup._GLOBAL__sub_I_USBDevice
                0x0002ba38        0xc C:\Users\GEOFFY~1\AppData\Local\Temp\arduino-sketch-A94140FBAF6775FC295B5C7EAFB0FF51/core\core.a(Adafruit_USBD_Device.cpp.o)
 .text.hidd_init
                0x0002ba44       0x10 C:\Users\GEOFFY~1\AppData\Local\Temp\arduino-sketch-A94140FBAF6775FC295B5C7EAFB0FF51/core\core.a(hid_device.c.o)
                0x0002ba44                hidd_init
 .text.hidd_reset
                0x0002ba54       0x10 C:\Users\GEOFFY~1\AppData\Local\Temp\arduino-sketch-A94140FBAF6775FC295B5C7EAFB0FF51/core\core.a(hid_device.c.o)
                0x0002ba54                hidd_reset
 .text.hidd_open
                0x0002ba64       0xc0 C:\Users\GEOFFY~1\AppData\Local\Temp\arduino-sketch-A94140FBAF6775FC295B5C7EAFB0FF51/core\core.a(hid_device.c.o)
                0x0002ba64                hidd_open
 .text.hidd_control_request
                0x0002bb24      0x160 C:\Users\GEOFFY~1\AppData\Local\Temp\arduino-sketch-A94140FBAF6775FC295B5C7EAFB0FF51/core\core.a(hid_device.c.o)
                0x0002bb24                hidd_control_request
 .text.hidd_control_complete
                0x0002bc84       0x4c C:\Users\GEOFFY~1\AppData\Local\Temp\arduino-sketch-A94140FBAF6775FC295B5C7EAFB0FF51/core\core.a(hid_device.c.o)
                0x0002bc84                hidd_control_complete
 .text.hidd_xfer_cb
                0x0002bcd0       0x44 C:\Users\GEOFFY~1\AppData\Local\Temp\arduino-sketch-A94140FBAF6775FC295B5C7EAFB0FF51/core\core.a(hid_device.c.o)
                0x0002bcd0                hidd_xfer_cb
 .text.midid_init
                0x0002bd14       0x58 C:\Users\GEOFFY~1\AppData\Local\Temp\arduino-sketch-A94140FBAF6775FC295B5C7EAFB0FF51/core\core.a(midi_device.c.o)
                0x0002bd14                midid_init
 .text.midid_reset
                0x0002bd6c       0x20 C:\Users\GEOFFY~1\AppData\Local\Temp\arduino-sketch-A94140FBAF6775FC295B5C7EAFB0FF51/core\core.a(midi_device.c.o)
                0x0002bd6c                midid_reset
 .text.midid_open
                0x0002bd8c      0x108 C:\Users\GEOFFY~1\AppData\Local\Temp\arduino-sketch-A94140FBAF6775FC295B5C7EAFB0FF51/core\core.a(midi_device.c.o)
                0x0002bd8c                midid_open
 .text.midid_control_complete
                0x0002be94        0x4 C:\Users\GEOFFY~1\AppData\Local\Temp\arduino-sketch-A94140FBAF6775FC295B5C7EAFB0FF51/core\core.a(midi_device.c.o)
                0x0002be94                midid_control_complete
 .text.midid_control_request
                0x0002be98        0x4 C:\Users\GEOFFY~1\AppData\Local\Temp\arduino-sketch-A94140FBAF6775FC295B5C7EAFB0FF51/core\core.a(midi_device.c.o)
                0x0002be98                midid_control_request
 .text.midid_xfer_cb
                0x0002be9c       0x44 C:\Users\GEOFFY~1\AppData\Local\Temp\arduino-sketch-A94140FBAF6775FC295B5C7EAFB0FF51/core\core.a(midi_device.c.o)
                0x0002be9c                midid_xfer_cb
 .text.proc_read10_cmd.constprop.0
                0x0002bee0       0xb4 C:\Users\GEOFFY~1\AppData\Local\Temp\arduino-sketch-A94140FBAF6775FC295B5C7EAFB0FF51/core\core.a(msc_device.c.o)
 .text.mscd_init
                0x0002bf94       0x10 C:\Users\GEOFFY~1\AppData\Local\Temp\arduino-sketch-A94140FBAF6775FC295B5C7EAFB0FF51/core\core.a(msc_device.c.o)
                0x0002bf94                mscd_init
 .text.mscd_reset
                0x0002bfa4       0x10 C:\Users\GEOFFY~1\AppData\Local\Temp\arduino-sketch-A94140FBAF6775FC295B5C7EAFB0FF51/core\core.a(msc_device.c.o)
                0x0002bfa4                mscd_reset
 .text.mscd_open
                0x0002bfb4       0x90 C:\Users\GEOFFY~1\AppData\Local\Temp\arduino-sketch-A94140FBAF6775FC295B5C7EAFB0FF51/core\core.a(msc_device.c.o)
                0x0002bfb4                mscd_open
 .text.mscd_control_request
                0x0002c044       0x60 C:\Users\GEOFFY~1\AppData\Local\Temp\arduino-sketch-A94140FBAF6775FC295B5C7EAFB0FF51/core\core.a(msc_device.c.o)
                0x0002c044                mscd_control_request
 .text.mscd_control_complete
                0x0002c0a4        0x4 C:\Users\GEOFFY~1\AppData\Local\Temp\arduino-sketch-A94140FBAF6775FC295B5C7EAFB0FF51/core\core.a(msc_device.c.o)
                0x0002c0a4                mscd_control_complete
 .text.proc_builtin_scsi
                0x0002c0a8      0x200 C:\Users\GEOFFY~1\AppData\Local\Temp\arduino-sketch-A94140FBAF6775FC295B5C7EAFB0FF51/core\core.a(msc_device.c.o)
                0x0002c0a8                proc_builtin_scsi
 .text.mscd_xfer_cb
                0x0002c2a8      0x390 C:\Users\GEOFFY~1\AppData\Local\Temp\arduino-sketch-A94140FBAF6775FC295B5C7EAFB0FF51/core\core.a(msc_device.c.o)
                0x0002c2a8                mscd_xfer_cb
 .text.vendord_init
                0x0002c638       0x58 C:\Users\GEOFFY~1\AppData\Local\Temp\arduino-sketch-A94140FBAF6775FC295B5C7EAFB0FF51/core\core.a(vendor_device.c.o)
                0x0002c638                vendord_init
 .text.vendord_reset
                0x0002c690       0x20 C:\Users\GEOFFY~1\AppData\Local\Temp\arduino-sketch-A94140FBAF6775FC295B5C7EAFB0FF51/core\core.a(vendor_device.c.o)
                0x0002c690                vendord_reset
 .text.vendord_open
                0x0002c6b0       0x80 C:\Users\GEOFFY~1\AppData\Local\Temp\arduino-sketch-A94140FBAF6775FC295B5C7EAFB0FF51/core\core.a(vendor_device.c.o)
                0x0002c6b0                vendord_open
 .text.vendord_xfer_cb
                0x0002c730       0x9c C:\Users\GEOFFY~1\AppData\Local\Temp\arduino-sketch-A94140FBAF6775FC295B5C7EAFB0FF51/core\core.a(vendor_device.c.o)
                0x0002c730                vendord_xfer_cb
 .text.__aeabi_atexit
                0x0002c7cc        0xa c:/users/geoffysicist/appdata/local/arduino15/packages/adafruit/tools/arm-none-eabi-gcc/9-2019q4/bin/../lib/gcc/arm-none-eabi/9.2.1/../../../../arm-none-eabi/lib/thumb/v7e-m+fp/hard\libc_nano.a(lib_a-aeabi_atexit.o)
                0x0002c7cc                __aeabi_atexit
 *fill*         0x0002c7d6        0x2 
 .text.__cxa_atexit
                0x0002c7d8       0x1c c:/users/geoffysicist/appdata/local/arduino15/packages/adafruit/tools/arm-none-eabi-gcc/9-2019q4/bin/../lib/gcc/arm-none-eabi/9.2.1/../../../../arm-none-eabi/lib/thumb/v7e-m+fp/hard\libc_nano.a(lib_a-cxa_atexit.o)
                0x0002c7d8                __cxa_atexit
 .text.__errno  0x0002c7f4        0xc c:/users/geoffysicist/appdata/local/arduino15/packages/adafruit/tools/arm-none-eabi-gcc/9-2019q4/bin/../lib/gcc/arm-none-eabi/9.2.1/../../../../arm-none-eabi/lib/thumb/v7e-m+fp/hard\libc_nano.a(lib_a-errno.o)
                0x0002c7f4                __errno
 .text.exit     0x0002c800       0x28 c:/users/geoffysicist/appdata/local/arduino15/packages/adafruit/tools/arm-none-eabi-gcc/9-2019q4/bin/../lib/gcc/arm-none-eabi/9.2.1/../../../../arm-none-eabi/lib/thumb/v7e-m+fp/hard\libc_nano.a(lib_a-exit.o)
                0x0002c800                exit
 .text.__libc_init_array
                0x0002c828       0x48 c:/users/geoffysicist/appdata/local/arduino15/packages/adafruit/tools/arm-none-eabi-gcc/9-2019q4/bin/../lib/gcc/arm-none-eabi/9.2.1/../../../../arm-none-eabi/lib/thumb/v7e-m+fp/hard\libc_nano.a(lib_a-init.o)
                0x0002c828                __libc_init_array
 .text.malloc   0x0002c870       0x10 c:/users/geoffysicist/appdata/local/arduino15/packages/adafruit/tools/arm-none-eabi-gcc/9-2019q4/bin/../lib/gcc/arm-none-eabi/9.2.1/../../../../arm-none-eabi/lib/thumb/v7e-m+fp/hard\libc_nano.a(lib_a-malloc.o)
                0x0002c870                malloc
 .text.free     0x0002c880       0x10 c:/users/geoffysicist/appdata/local/arduino15/packages/adafruit/tools/arm-none-eabi-gcc/9-2019q4/bin/../lib/gcc/arm-none-eabi/9.2.1/../../../../arm-none-eabi/lib/thumb/v7e-m+fp/hard\libc_nano.a(lib_a-malloc.o)
                0x0002c880                free
 .text.memcpy   0x0002c890       0x1c c:/users/geoffysicist/appdata/local/arduino15/packages/adafruit/tools/arm-none-eabi-gcc/9-2019q4/bin/../lib/gcc/arm-none-eabi/9.2.1/../../../../arm-none-eabi/lib/thumb/v7e-m+fp/hard\libc_nano.a(lib_a-memcpy-stub.o)
                0x0002c890                memcpy
 .text.memmove  0x0002c8ac       0x34 c:/users/geoffysicist/appdata/local/arduino15/packages/adafruit/tools/arm-none-eabi-gcc/9-2019q4/bin/../lib/gcc/arm-none-eabi/9.2.1/../../../../arm-none-eabi/lib/thumb/v7e-m+fp/hard\libc_nano.a(lib_a-memmove.o)
                0x0002c8ac                memmove
 .text.memset   0x0002c8e0       0x10 c:/users/geoffysicist/appdata/local/arduino15/packages/adafruit/tools/arm-none-eabi-gcc/9-2019q4/bin/../lib/gcc/arm-none-eabi/9.2.1/../../../../arm-none-eabi/lib/thumb/v7e-m+fp/hard\libc_nano.a(lib_a-memset.o)
                0x0002c8e0                memset
 .text._free_r  0x0002c8f0       0xa0 c:/users/geoffysicist/appdata/local/arduino15/packages/adafruit/tools/arm-none-eabi-gcc/9-2019q4/bin/../lib/gcc/arm-none-eabi/9.2.1/../../../../arm-none-eabi/lib/thumb/v7e-m+fp/hard\libc_nano.a(lib_a-nano-freer.o)
                0x0002c8f0                _free_r
 .text._malloc_r
                0x0002c990       0xb4 c:/users/geoffysicist/appdata/local/arduino15/packages/adafruit/tools/arm-none-eabi-gcc/9-2019q4/bin/../lib/gcc/arm-none-eabi/9.2.1/../../../../arm-none-eabi/lib/thumb/v7e-m+fp/hard\libc_nano.a(lib_a-nano-mallocr.o)
                0x0002c990                _malloc_r
 .text.__cvt    0x0002ca44       0xc4 c:/users/geoffysicist/appdata/local/arduino15/packages/adafruit/tools/arm-none-eabi-gcc/9-2019q4/bin/../lib/gcc/arm-none-eabi/9.2.1/../../../../arm-none-eabi/lib/thumb/v7e-m+fp/hard\libc_nano.a(lib_a-nano-vfprintf_float.o)
                0x0002ca44                __cvt
 .text.__exponent
                0x0002cb08       0x7c c:/users/geoffysicist/appdata/local/arduino15/packages/adafruit/tools/arm-none-eabi-gcc/9-2019q4/bin/../lib/gcc/arm-none-eabi/9.2.1/../../../../arm-none-eabi/lib/thumb/v7e-m+fp/hard\libc_nano.a(lib_a-nano-vfprintf_float.o)
                0x0002cb08                __exponent
 .text._printf_float
                0x0002cb84      0x46c c:/users/geoffysicist/appdata/local/arduino15/packages/adafruit/tools/arm-none-eabi-gcc/9-2019q4/bin/../lib/gcc/arm-none-eabi/9.2.1/../../../../arm-none-eabi/lib/thumb/v7e-m+fp/hard\libc_nano.a(lib_a-nano-vfprintf_float.o)
                0x0002cb84                _printf_float
 .text._printf_common
                0x0002cff0       0xda c:/users/geoffysicist/appdata/local/arduino15/packages/adafruit/tools/arm-none-eabi-gcc/9-2019q4/bin/../lib/gcc/arm-none-eabi/9.2.1/../../../../arm-none-eabi/lib/thumb/v7e-m+fp/hard\libc_nano.a(lib_a-nano-vfprintf_i.o)
                0x0002cff0                _printf_common
 *fill*         0x0002d0ca        0x2 
 .text._printf_i
                0x0002d0cc      0x24c c:/users/geoffysicist/appdata/local/arduino15/packages/adafruit/tools/arm-none-eabi-gcc/9-2019q4/bin/../lib/gcc/arm-none-eabi/9.2.1/../../../../arm-none-eabi/lib/thumb/v7e-m+fp/hard\libc_nano.a(lib_a-nano-vfprintf_i.o)
                0x0002d0cc                _printf_i
 .text._sbrk_r  0x0002d318       0x20 c:/users/geoffysicist/appdata/local/arduino15/packages/adafruit/tools/arm-none-eabi-gcc/9-2019q4/bin/../lib/gcc/arm-none-eabi/9.2.1/../../../../arm-none-eabi/lib/thumb/v7e-m+fp/hard\libc_nano.a(lib_a-sbrkr.o)
                0x0002d318                _sbrk_r
 .text.sprintf  0x0002d338       0x40 c:/users/geoffysicist/appdata/local/arduino15/packages/adafruit/tools/arm-none-eabi-gcc/9-2019q4/bin/../lib/gcc/arm-none-eabi/9.2.1/../../../../arm-none-eabi/lib/thumb/v7e-m+fp/hard\libc_nano.a(lib_a-sprintf.o)
                0x0002d338                siprintf
                0x0002d338                sprintf
 .text          0x0002d378       0x10 c:/users/geoffysicist/appdata/local/arduino15/packages/adafruit/tools/arm-none-eabi-gcc/9-2019q4/bin/../lib/gcc/arm-none-eabi/9.2.1/../../../../arm-none-eabi/lib/thumb/v7e-m+fp/hard\libc_nano.a(lib_a-strlen.o)
                0x0002d378                strlen
 .text.quorem   0x0002d388      0x116 c:/users/geoffysicist/appdata/local/arduino15/packages/adafruit/tools/arm-none-eabi-gcc/9-2019q4/bin/../lib/gcc/arm-none-eabi/9.2.1/../../../../arm-none-eabi/lib/thumb/v7e-m+fp/hard\libc_nano.a(lib_a-dtoa.o)
 *fill*         0x0002d49e        0x2 
 .text._dtoa_r  0x0002d4a0      0xbbc c:/users/geoffysicist/appdata/local/arduino15/packages/adafruit/tools/arm-none-eabi-gcc/9-2019q4/bin/../lib/gcc/arm-none-eabi/9.2.1/../../../../arm-none-eabi/lib/thumb/v7e-m+fp/hard\libc_nano.a(lib_a-dtoa.o)
                0x0002d4a0                _dtoa_r
 .text._localeconv_r
                0x0002e05c        0x8 c:/users/geoffysicist/appdata/local/arduino15/packages/adafruit/tools/arm-none-eabi-gcc/9-2019q4/bin/../lib/gcc/arm-none-eabi/9.2.1/../../../../arm-none-eabi/lib/thumb/v7e-m+fp/hard\libc_nano.a(lib_a-localeconv.o)
                0x0002e05c                _localeconv_r
 *fill*         0x0002e064        0xc 
 .text          0x0002e070       0xa0 c:/users/geoffysicist/appdata/local/arduino15/packages/adafruit/tools/arm-none-eabi-gcc/9-2019q4/bin/../lib/gcc/arm-none-eabi/9.2.1/../../../../arm-none-eabi/lib/thumb/v7e-m+fp/hard\libc_nano.a(lib_a-memchr.o)
                0x0002e070                memchr
 .text._Balloc  0x0002e110       0x68 c:/users/geoffysicist/appdata/local/arduino15/packages/adafruit/tools/arm-none-eabi-gcc/9-2019q4/bin/../lib/gcc/arm-none-eabi/9.2.1/../../../../arm-none-eabi/lib/thumb/v7e-m+fp/hard\libc_nano.a(lib_a-mprec.o)
                0x0002e110                _Balloc
 .text._Bfree   0x0002e178       0x2e c:/users/geoffysicist/appdata/local/arduino15/packages/adafruit/tools/arm-none-eabi-gcc/9-2019q4/bin/../lib/gcc/arm-none-eabi/9.2.1/../../../../arm-none-eabi/lib/thumb/v7e-m+fp/hard\libc_nano.a(lib_a-mprec.o)
                0x0002e178                _Bfree
 .text.__multadd
                0x0002e1a6       0x7c c:/users/geoffysicist/appdata/local/arduino15/packages/adafruit/tools/arm-none-eabi-gcc/9-2019q4/bin/../lib/gcc/arm-none-eabi/9.2.1/../../../../arm-none-eabi/lib/thumb/v7e-m+fp/hard\libc_nano.a(lib_a-mprec.o)
                0x0002e1a6                __multadd
 .text.__hi0bits
                0x0002e222       0x40 c:/users/geoffysicist/appdata/local/arduino15/packages/adafruit/tools/arm-none-eabi-gcc/9-2019q4/bin/../lib/gcc/arm-none-eabi/9.2.1/../../../../arm-none-eabi/lib/thumb/v7e-m+fp/hard\libc_nano.a(lib_a-mprec.o)
                0x0002e222                __hi0bits
 .text.__lo0bits
                0x0002e262       0x60 c:/users/geoffysicist/appdata/local/arduino15/packages/adafruit/tools/arm-none-eabi-gcc/9-2019q4/bin/../lib/gcc/arm-none-eabi/9.2.1/../../../../arm-none-eabi/lib/thumb/v7e-m+fp/hard\libc_nano.a(lib_a-mprec.o)
                0x0002e262                __lo0bits
 .text.__i2b    0x0002e2c2       0x12 c:/users/geoffysicist/appdata/local/arduino15/packages/adafruit/tools/arm-none-eabi-gcc/9-2019q4/bin/../lib/gcc/arm-none-eabi/9.2.1/../../../../arm-none-eabi/lib/thumb/v7e-m+fp/hard\libc_nano.a(lib_a-mprec.o)
                0x0002e2c2                __i2b
 .text.__multiply
                0x0002e2d4      0x138 c:/users/geoffysicist/appdata/local/arduino15/packages/adafruit/tools/arm-none-eabi-gcc/9-2019q4/bin/../lib/gcc/arm-none-eabi/9.2.1/../../../../arm-none-eabi/lib/thumb/v7e-m+fp/hard\libc_nano.a(lib_a-mprec.o)
                0x0002e2d4                __multiply
 .text.__pow5mult
                0x0002e40c       0x9c c:/users/geoffysicist/appdata/local/arduino15/packages/adafruit/tools/arm-none-eabi-gcc/9-2019q4/bin/../lib/gcc/arm-none-eabi/9.2.1/../../../../arm-none-eabi/lib/thumb/v7e-m+fp/hard\libc_nano.a(lib_a-mprec.o)
                0x0002e40c                __pow5mult
 .text.__lshift
                0x0002e4a8       0xbe c:/users/geoffysicist/appdata/local/arduino15/packages/adafruit/tools/arm-none-eabi-gcc/9-2019q4/bin/../lib/gcc/arm-none-eabi/9.2.1/../../../../arm-none-eabi/lib/thumb/v7e-m+fp/hard\libc_nano.a(lib_a-mprec.o)
                0x0002e4a8                __lshift
 .text.__mcmp   0x0002e566       0x38 c:/users/geoffysicist/appdata/local/arduino15/packages/adafruit/tools/arm-none-eabi-gcc/9-2019q4/bin/../lib/gcc/arm-none-eabi/9.2.1/../../../../arm-none-eabi/lib/thumb/v7e-m+fp/hard\libc_nano.a(lib_a-mprec.o)
                0x0002e566                __mcmp
 .text.__mdiff  0x0002e59e       0xec c:/users/geoffysicist/appdata/local/arduino15/packages/adafruit/tools/arm-none-eabi-gcc/9-2019q4/bin/../lib/gcc/arm-none-eabi/9.2.1/../../../../arm-none-eabi/lib/thumb/v7e-m+fp/hard\libc_nano.a(lib_a-mprec.o)
                0x0002e59e                __mdiff
 .text.__d2b    0x0002e68a       0xa0 c:/users/geoffysicist/appdata/local/arduino15/packages/adafruit/tools/arm-none-eabi-gcc/9-2019q4/bin/../lib/gcc/arm-none-eabi/9.2.1/../../../../arm-none-eabi/lib/thumb/v7e-m+fp/hard\libc_nano.a(lib_a-mprec.o)
                0x0002e68a                __d2b
 .text._calloc_r
                0x0002e72a       0x1e c:/users/geoffysicist/appdata/local/arduino15/packages/adafruit/tools/arm-none-eabi-gcc/9-2019q4/bin/../lib/gcc/arm-none-eabi/9.2.1/../../../../arm-none-eabi/lib/thumb/v7e-m+fp/hard\libc_nano.a(lib_a-nano-callocr.o)
                0x0002e72a                _calloc_r
 .text.__ssputs_r
                0x0002e748       0xb6 c:/users/geoffysicist/appdata/local/arduino15/packages/adafruit/tools/arm-none-eabi-gcc/9-2019q4/bin/../lib/gcc/arm-none-eabi/9.2.1/../../../../arm-none-eabi/lib/thumb/v7e-m+fp/hard\libc_nano.a(lib_a-nano-svfprintf.o)
                0x0002e748                __ssputs_r
 *fill*         0x0002e7fe        0x2 
 .text._svfprintf_r
                0x0002e800      0x200 c:/users/geoffysicist/appdata/local/arduino15/packages/adafruit/tools/arm-none-eabi-gcc/9-2019q4/bin/../lib/gcc/arm-none-eabi/9.2.1/../../../../arm-none-eabi/lib/thumb/v7e-m+fp/hard\libc_nano.a(lib_a-nano-svfprintf.o)
                0x0002e800                _svfiprintf_r
                0x0002e800                _svfprintf_r
 .text.__ascii_mbtowc
                0x0002ea00       0x24 c:/users/geoffysicist/appdata/local/arduino15/packages/adafruit/tools/arm-none-eabi-gcc/9-2019q4/bin/../lib/gcc/arm-none-eabi/9.2.1/../../../../arm-none-eabi/lib/thumb/v7e-m+fp/hard\libc_nano.a(lib_a-mbtowc_r.o)
                0x0002ea00                __ascii_mbtowc
 .text._realloc_r
                0x0002ea24       0x4c c:/users/geoffysicist/appdata/local/arduino15/packages/adafruit/tools/arm-none-eabi-gcc/9-2019q4/bin/../lib/gcc/arm-none-eabi/9.2.1/../../../../arm-none-eabi/lib/thumb/v7e-m+fp/hard\libc_nano.a(lib_a-nano-reallocr.o)
                0x0002ea24                _realloc_r
 .text.__ascii_wctomb
                0x0002ea70       0x1a c:/users/geoffysicist/appdata/local/arduino15/packages/adafruit/tools/arm-none-eabi-gcc/9-2019q4/bin/../lib/gcc/arm-none-eabi/9.2.1/../../../../arm-none-eabi/lib/thumb/v7e-m+fp/hard\libc_nano.a(lib_a-wctomb_r.o)
                0x0002ea70                __ascii_wctomb
 .text._malloc_usable_size_r
                0x0002ea8a       0x10 c:/users/geoffysicist/appdata/local/arduino15/packages/adafruit/tools/arm-none-eabi-gcc/9-2019q4/bin/../lib/gcc/arm-none-eabi/9.2.1/../../../../arm-none-eabi/lib/thumb/v7e-m+fp/hard\libc_nano.a(lib_a-nano-msizer.o)
                0x0002ea8a                _malloc_usable_size_r
 *fill*         0x0002ea9a        0x2 
 .text          0x0002ea9c      0x378 c:/users/geoffysicist/appdata/local/arduino15/packages/adafruit/tools/arm-none-eabi-gcc/9-2019q4/bin/../lib/gcc/arm-none-eabi/9.2.1/thumb/v7e-m+fp/hard\libgcc.a(_arm_addsubdf3.o)
                0x0002ea9c                __aeabi_drsub
                0x0002eaa4                __aeabi_dsub
                0x0002eaa4                __subdf3
                0x0002eaa8                __aeabi_dadd
                0x0002eaa8                __adddf3
                0x0002ed20                __floatunsidf
                0x0002ed20                __aeabi_ui2d
                0x0002ed40                __floatsidf
                0x0002ed40                __aeabi_i2d
                0x0002ed64                __aeabi_f2d
                0x0002ed64                __extendsfdf2
                0x0002eda8                __floatundidf
                0x0002eda8                __aeabi_ul2d
                0x0002edb8                __floatdidf
                0x0002edb8                __aeabi_l2d
 .text          0x0002ee14      0x424 c:/users/geoffysicist/appdata/local/arduino15/packages/adafruit/tools/arm-none-eabi-gcc/9-2019q4/bin/../lib/gcc/arm-none-eabi/9.2.1/thumb/v7e-m+fp/hard\libgcc.a(_arm_muldivdf3.o)
                0x0002ee14                __aeabi_dmul
                0x0002ee14                __muldf3
                0x0002f068                __divdf3
                0x0002f068                __aeabi_ddiv
 .text          0x0002f238      0x110 c:/users/geoffysicist/appdata/local/arduino15/packages/adafruit/tools/arm-none-eabi-gcc/9-2019q4/bin/../lib/gcc/arm-none-eabi/9.2.1/thumb/v7e-m+fp/hard\libgcc.a(_arm_cmpdf2.o)
                0x0002f238                __gtdf2
                0x0002f238                __gedf2
                0x0002f240                __ltdf2
                0x0002f240                __ledf2
                0x0002f248                __nedf2
                0x0002f248                __eqdf2
                0x0002f248                __cmpdf2
                0x0002f2c4                __aeabi_cdrcmple
                0x0002f2d4                __aeabi_cdcmpeq
                0x0002f2d4                __aeabi_cdcmple
                0x0002f2e4                __aeabi_dcmpeq
                0x0002f2f8                __aeabi_dcmplt
                0x0002f30c                __aeabi_dcmple
                0x0002f320                __aeabi_dcmpge
                0x0002f334                __aeabi_dcmpgt
 .text          0x0002f348       0x2c c:/users/geoffysicist/appdata/local/arduino15/packages/adafruit/tools/arm-none-eabi-gcc/9-2019q4/bin/../lib/gcc/arm-none-eabi/9.2.1/thumb/v7e-m+fp/hard\libgcc.a(_arm_unorddf2.o)
                0x0002f348                __unorddf2
                0x0002f348                __aeabi_dcmpun
 .text          0x0002f374       0x50 c:/users/geoffysicist/appdata/local/arduino15/packages/adafruit/tools/arm-none-eabi-gcc/9-2019q4/bin/../lib/gcc/arm-none-eabi/9.2.1/thumb/v7e-m+fp/hard\libgcc.a(_arm_fixdfsi.o)
                0x0002f374                __aeabi_d2iz
                0x0002f374                __fixdfsi
 .text._exit    0x0002f3c4        0x4 c:/users/geoffysicist/appdata/local/arduino15/packages/adafruit/tools/arm-none-eabi-gcc/9-2019q4/bin/../lib/gcc/arm-none-eabi/9.2.1/../../../../arm-none-eabi/lib/thumb/v7e-m+fp/hard\libnosys.a(_exit.o)
                0x0002f3c4                _exit
 *(.init)
 .init          0x0002f3c8        0x4 c:/users/geoffysicist/appdata/local/arduino15/packages/adafruit/tools/arm-none-eabi-gcc/9-2019q4/bin/../lib/gcc/arm-none-eabi/9.2.1/thumb/v7e-m+fp/hard/crti.o
                0x0002f3c8                _init
 .init          0x0002f3cc        0x8 c:/users/geoffysicist/appdata/local/arduino15/packages/adafruit/tools/arm-none-eabi-gcc/9-2019q4/bin/../lib/gcc/arm-none-eabi/9.2.1/thumb/v7e-m+fp/hard/crtn.o
 *(.fini)
 .fini          0x0002f3d4        0x4 c:/users/geoffysicist/appdata/local/arduino15/packages/adafruit/tools/arm-none-eabi-gcc/9-2019q4/bin/../lib/gcc/arm-none-eabi/9.2.1/thumb/v7e-m+fp/hard/crti.o
                0x0002f3d4                _fini
 .fini          0x0002f3d8        0x8 c:/users/geoffysicist/appdata/local/arduino15/packages/adafruit/tools/arm-none-eabi-gcc/9-2019q4/bin/../lib/gcc/arm-none-eabi/9.2.1/thumb/v7e-m+fp/hard/crtn.o
 *crtbegin.o(.ctors)
 *crtbegin?.o(.ctors)
 *(EXCLUDE_FILE(*crtend.o *crtend?.o) .ctors)
 *(SORT_BY_NAME(.ctors.*))
 *(.ctors)
 *crtbegin.o(.dtors)
 *crtbegin?.o(.dtors)
 *(EXCLUDE_FILE(*crtend.o *crtend?.o) .dtors)
 *(SORT_BY_NAME(.dtors.*))
 *(.dtors)
 *(.rodata*)
 .rodata.setup.str1.4
                0x0002f3e0       0x18 C:\Users\GEOFFY~1\AppData\Local\Temp\arduino-sketch-A94140FBAF6775FC295B5C7EAFB0FF51\sketch\proximity.ino.cpp.o
 .rodata.loop.str1.4
                0x0002f3f8        0x8 C:\Users\GEOFFY~1\AppData\Local\Temp\arduino-sketch-A94140FBAF6775FC295B5C7EAFB0FF51\sketch\proximity.ino.cpp.o
 .rodata._ZTV8APDS9960
                0x0002f400       0x10 C:\Users\GEOFFY~1\AppData\Local\Temp\arduino-sketch-A94140FBAF6775FC295B5C7EAFB0FF51\libraries\Arduino_APDS9960\Arduino_APDS9960.cpp.o
                0x0002f400                vtable for APDS9960
 .rodata._ZTV7TwoWire
                0x0002f410       0x24 C:\Users\GEOFFY~1\AppData\Local\Temp\arduino-sketch-A94140FBAF6775FC295B5C7EAFB0FF51\libraries\Wire\Wire_nRF52.cpp.o
                0x0002f410                vtable for TwoWire
 .rodata.g_ADigitalPinMap
                0x0002f434       0xbc C:\Users\GEOFFY~1\AppData\Local\Temp\arduino-sketch-A94140FBAF6775FC295B5C7EAFB0FF51\core\variant.cpp.o
                0x0002f434                g_ADigitalPinMap
 .rodata.xTimerCreateTimerTask.str1.4
                0x0002f4f0       0x10 C:\Users\GEOFFY~1\AppData\Local\Temp\arduino-sketch-A94140FBAF6775FC295B5C7EAFB0FF51/core\core.a(timers.c.o)
 .rodata.CSWTCH.5
                0x0002f500        0x4 C:\Users\GEOFFY~1\AppData\Local\Temp\arduino-sketch-A94140FBAF6775FC295B5C7EAFB0FF51/core\core.a(system_nrf52840.c.o)
 .rodata._ZN5Print7printlnEPK19__FlashStringHelper.str1.4
                0x0002f504        0x3 C:\Users\GEOFFY~1\AppData\Local\Temp\arduino-sketch-A94140FBAF6775FC295B5C7EAFB0FF51/core\core.a(Print.cpp.o)
 *fill*         0x0002f507        0x1 
 .rodata._ZTV17Adafruit_USBD_CDC
                0x0002f508       0x34 C:\Users\GEOFFY~1\AppData\Local\Temp\arduino-sketch-A94140FBAF6775FC295B5C7EAFB0FF51/core\core.a(Adafruit_USBD_CDC.cpp.o)
                0x0002f508                vtable for Adafruit_USBD_CDC
 .rodata._Z26Adafruit_TinyUSB_Core_initv.str1.4
                0x0002f53c        0x5 C:\Users\GEOFFY~1\AppData\Local\Temp\arduino-sketch-A94140FBAF6775FC295B5C7EAFB0FF51/core\core.a(Adafruit_TinyUSB_nRF.cpp.o)
 *fill*         0x0002f541        0x3 
 .rodata._ZN20Adafruit_USBD_Device19getSerialDescriptorEPt.str1.4
                0x0002f544        0xb C:\Users\GEOFFY~1\AppData\Local\Temp\arduino-sketch-A94140FBAF6775FC295B5C7EAFB0FF51/core\core.a(Adafruit_TinyUSB_nRF.cpp.o)
 *fill*         0x0002f54f        0x1 
 .rodata.main.str1.4
                0x0002f550        0x5 C:\Users\GEOFFY~1\AppData\Local\Temp\arduino-sketch-A94140FBAF6775FC295B5C7EAFB0FF51/core\core.a(main.cpp.o)
 *fill*         0x0002f555        0x3 
 .rodata._usbd_driver
                0x0002f558       0x8c C:\Users\GEOFFY~1\AppData\Local\Temp\arduino-sketch-A94140FBAF6775FC295B5C7EAFB0FF51/core\core.a(usbd.c.o)
 .rodata.CSWTCH.31
                0x0002f5e4        0x4 C:\Users\GEOFFY~1\AppData\Local\Temp\arduino-sketch-A94140FBAF6775FC295B5C7EAFB0FF51/core\core.a(dcd_nrf5x.c.o)
 .rodata.ada_callback_init.str1.4
                0x0002f5e8        0x9 C:\Users\GEOFFY~1\AppData\Local\Temp\arduino-sketch-A94140FBAF6775FC295B5C7EAFB0FF51/core\core.a(AdaCallback.c.o)
 *fill*         0x0002f5f1        0x3 
 .rodata._ZN20Adafruit_USBD_DeviceC2Ev.str1.4
                0x0002f5f4       0x15 C:\Users\GEOFFY~1\AppData\Local\Temp\arduino-sketch-A94140FBAF6775FC295B5C7EAFB0FF51/core\core.a(Adafruit_USBD_Device.cpp.o)
 *fill*         0x0002f609        0x3 
 .rodata        0x0002f60c       0x1d C:\Users\GEOFFY~1\AppData\Local\Temp\arduino-sketch-A94140FBAF6775FC295B5C7EAFB0FF51/core\core.a(Adafruit_USBD_Device.cpp.o)
 *fill*         0x0002f629        0x3 
 .rodata._global_impure_ptr
                0x0002f62c        0x4 c:/users/geoffysicist/appdata/local/arduino15/packages/adafruit/tools/arm-none-eabi-gcc/9-2019q4/bin/../lib/gcc/arm-none-eabi/9.2.1/../../../../arm-none-eabi/lib/thumb/v7e-m+fp/hard\libc_nano.a(lib_a-impure.o)
                0x0002f62c                _global_impure_ptr
 .rodata._printf_float.str1.1
                0x0002f630       0x12 c:/users/geoffysicist/appdata/local/arduino15/packages/adafruit/tools/arm-none-eabi-gcc/9-2019q4/bin/../lib/gcc/arm-none-eabi/9.2.1/../../../../arm-none-eabi/lib/thumb/v7e-m+fp/hard\libc_nano.a(lib_a-nano-vfprintf_float.o)
 .rodata._printf_i.str1.1
                0x0002f642       0x22 c:/users/geoffysicist/appdata/local/arduino15/packages/adafruit/tools/arm-none-eabi-gcc/9-2019q4/bin/../lib/gcc/arm-none-eabi/9.2.1/../../../../arm-none-eabi/lib/thumb/v7e-m+fp/hard\libc_nano.a(lib_a-nano-vfprintf_i.o)
 .rodata._dtoa_r.str1.1
                0x0002f664        0xd c:/users/geoffysicist/appdata/local/arduino15/packages/adafruit/tools/arm-none-eabi-gcc/9-2019q4/bin/../lib/gcc/arm-none-eabi/9.2.1/../../../../arm-none-eabi/lib/thumb/v7e-m+fp/hard\libc_nano.a(lib_a-dtoa.o)
                                  0xf (size before relaxing)
 *fill*         0x0002f671        0x7 
 .rodata.__mprec_bigtens
                0x0002f678       0x28 c:/users/geoffysicist/appdata/local/arduino15/packages/adafruit/tools/arm-none-eabi-gcc/9-2019q4/bin/../lib/gcc/arm-none-eabi/9.2.1/../../../../arm-none-eabi/lib/thumb/v7e-m+fp/hard\libc_nano.a(lib_a-mprec.o)
                0x0002f678                __mprec_bigtens
 .rodata.__mprec_tens
                0x0002f6a0       0xc8 c:/users/geoffysicist/appdata/local/arduino15/packages/adafruit/tools/arm-none-eabi-gcc/9-2019q4/bin/../lib/gcc/arm-none-eabi/9.2.1/../../../../arm-none-eabi/lib/thumb/v7e-m+fp/hard\libc_nano.a(lib_a-mprec.o)
                0x0002f6a0                __mprec_tens
 .rodata.p05.7490
                0x0002f768        0xc c:/users/geoffysicist/appdata/local/arduino15/packages/adafruit/tools/arm-none-eabi-gcc/9-2019q4/bin/../lib/gcc/arm-none-eabi/9.2.1/../../../../arm-none-eabi/lib/thumb/v7e-m+fp/hard\libc_nano.a(lib_a-mprec.o)
 .rodata._svfprintf_r.str1.1
                0x0002f774       0x11 c:/users/geoffysicist/appdata/local/arduino15/packages/adafruit/tools/arm-none-eabi-gcc/9-2019q4/bin/../lib/gcc/arm-none-eabi/9.2.1/../../../../arm-none-eabi/lib/thumb/v7e-m+fp/hard\libc_nano.a(lib_a-nano-svfprintf.o)
 .rodata._setlocale_r.str1.1
                0x0002f785        0x8 c:/users/geoffysicist/appdata/local/arduino15/packages/adafruit/tools/arm-none-eabi-gcc/9-2019q4/bin/../lib/gcc/arm-none-eabi/9.2.1/../../../../arm-none-eabi/lib/thumb/v7e-m+fp/hard\libc_nano.a(lib_a-locale.o)
                                  0x9 (size before relaxing)
 .rodata.str1.1
                0x0002f78d        0x2 c:/users/geoffysicist/appdata/local/arduino15/packages/adafruit/tools/arm-none-eabi-gcc/9-2019q4/bin/../lib/gcc/arm-none-eabi/9.2.1/../../../../arm-none-eabi/lib/thumb/v7e-m+fp/hard\libc_nano.a(lib_a-locale.o)
 .rodata._ctype_
                0x0002f78f      0x101 c:/users/geoffysicist/appdata/local/arduino15/packages/adafruit/tools/arm-none-eabi-gcc/9-2019q4/bin/../lib/gcc/arm-none-eabi/9.2.1/../../../../arm-none-eabi/lib/thumb/v7e-m+fp/hard\libc_nano.a(lib_a-ctype_.o)
                0x0002f78f                _ctype_
 *(.eh_frame*)
 .eh_frame      0x0002f890        0x0 c:/users/geoffysicist/appdata/local/arduino15/packages/adafruit/tools/arm-none-eabi-gcc/9-2019q4/bin/../lib/gcc/arm-none-eabi/9.2.1/thumb/v7e-m+fp/hard/crtbegin.o
 .eh_frame      0x0002f890        0x4 c:/users/geoffysicist/appdata/local/arduino15/packages/adafruit/tools/arm-none-eabi-gcc/9-2019q4/bin/../lib/gcc/arm-none-eabi/9.2.1/thumb/v7e-m+fp/hard/crtend.o

.glue_7         0x0002f894        0x0
 .glue_7        0x0002f894        0x0 linker stubs

.glue_7t        0x0002f894        0x0
 .glue_7t       0x0002f894        0x0 linker stubs

.vfp11_veneer   0x0002f894        0x0
 .vfp11_veneer  0x0002f894        0x0 linker stubs

.v4_bx          0x0002f894        0x0
 .v4_bx         0x0002f894        0x0 linker stubs

.iplt           0x0002f894        0x0
 .iplt          0x0002f894        0x0 c:/users/geoffysicist/appdata/local/arduino15/packages/adafruit/tools/arm-none-eabi-gcc/9-2019q4/bin/../lib/gcc/arm-none-eabi/9.2.1/thumb/v7e-m+fp/hard/crtfastmath.o

.ARM.extab
 *(.ARM.extab* .gnu.linkonce.armextab.*)
                0x0002f894                __exidx_start = .

.ARM.exidx      0x0002f894        0x8
 *(.ARM.exidx* .gnu.linkonce.armexidx.*)
 .ARM.exidx     0x0002f894        0x8 c:/users/geoffysicist/appdata/local/arduino15/packages/adafruit/tools/arm-none-eabi-gcc/9-2019q4/bin/../lib/gcc/arm-none-eabi/9.2.1/../../../../arm-none-eabi/lib/thumb/v7e-m+fp/hard/crt0.o
                0x0002f89c                __exidx_end = .
                0x0002f89c                __etext = .

.rel.dyn        0x0002f89c        0x0
 .rel.iplt      0x0002f89c        0x0 c:/users/geoffysicist/appdata/local/arduino15/packages/adafruit/tools/arm-none-eabi-gcc/9-2019q4/bin/../lib/gcc/arm-none-eabi/9.2.1/thumb/v7e-m+fp/hard/crtfastmath.o

.data           0x20006000      0x254 load address 0x0002f89c
                0x20006000                __data_start__ = .
 *(vtable)
 *(.data*)
 .data          0x20006000        0x4 c:/users/geoffysicist/appdata/local/arduino15/packages/adafruit/tools/arm-none-eabi-gcc/9-2019q4/bin/../lib/gcc/arm-none-eabi/9.2.1/thumb/v7e-m+fp/hard/crtbegin.o
                0x20006000                __dso_handle
 .data.SystemCoreClock
                0x20006004        0x4 C:\Users\GEOFFY~1\AppData\Local\Temp\arduino-sketch-A94140FBAF6775FC295B5C7EAFB0FF51/core\core.a(system_nrf52840.c.o)
                0x20006004                SystemCoreClock
 .data._ZL13sbrk_heap_top
                0x20006008        0x4 C:\Users\GEOFFY~1\AppData\Local\Temp\arduino-sketch-A94140FBAF6775FC295B5C7EAFB0FF51/core\core.a(new.cpp.o)
 .data._usbd_qdef
                0x2000600c       0x58 C:\Users\GEOFFY~1\AppData\Local\Temp\arduino-sketch-A94140FBAF6775FC295B5C7EAFB0FF51/core\core.a(usbd.c.o)
                0x2000600c                _usbd_qdef
 .data._impure_ptr
                0x20006064        0x4 c:/users/geoffysicist/appdata/local/arduino15/packages/adafruit/tools/arm-none-eabi-gcc/9-2019q4/bin/../lib/gcc/arm-none-eabi/9.2.1/../../../../arm-none-eabi/lib/thumb/v7e-m+fp/hard\libc_nano.a(lib_a-impure.o)
                0x20006064                _impure_ptr
 .data.impure_data
                0x20006068       0x60 c:/users/geoffysicist/appdata/local/arduino15/packages/adafruit/tools/arm-none-eabi-gcc/9-2019q4/bin/../lib/gcc/arm-none-eabi/9.2.1/../../../../arm-none-eabi/lib/thumb/v7e-m+fp/hard\libc_nano.a(lib_a-impure.o)
 .data.__global_locale
                0x200060c8      0x16c c:/users/geoffysicist/appdata/local/arduino15/packages/adafruit/tools/arm-none-eabi-gcc/9-2019q4/bin/../lib/gcc/arm-none-eabi/9.2.1/../../../../arm-none-eabi/lib/thumb/v7e-m+fp/hard\libc_nano.a(lib_a-locale.o)
                0x200060c8                __global_locale
                0x20006234                . = ALIGN (0x4)
                0x20006234                PROVIDE (__preinit_array_start = .)
 *(.preinit_array)
                0x20006234                PROVIDE (__preinit_array_end = .)
                0x20006234                . = ALIGN (0x4)
                0x20006234                PROVIDE (__init_array_start = .)
 *(SORT_BY_NAME(.init_array.*))
 *(.init_array)
 .init_array    0x20006234        0x4 c:/users/geoffysicist/appdata/local/arduino15/packages/adafruit/tools/arm-none-eabi-gcc/9-2019q4/bin/../lib/gcc/arm-none-eabi/9.2.1/thumb/v7e-m+fp/hard/crtfastmath.o
 .init_array    0x20006238        0x4 c:/users/geoffysicist/appdata/local/arduino15/packages/adafruit/tools/arm-none-eabi-gcc/9-2019q4/bin/../lib/gcc/arm-none-eabi/9.2.1/thumb/v7e-m+fp/hard/crtbegin.o
 .init_array    0x2000623c        0x4 C:\Users\GEOFFY~1\AppData\Local\Temp\arduino-sketch-A94140FBAF6775FC295B5C7EAFB0FF51\sketch\proximity.ino.cpp.o
 .init_array    0x20006240        0x4 C:\Users\GEOFFY~1\AppData\Local\Temp\arduino-sketch-A94140FBAF6775FC295B5C7EAFB0FF51\libraries\Arduino_APDS9960\Arduino_APDS9960.cpp.o
 .init_array    0x20006244        0x4 C:\Users\GEOFFY~1\AppData\Local\Temp\arduino-sketch-A94140FBAF6775FC295B5C7EAFB0FF51\libraries\Wire\Wire_nRF52.cpp.o
 .init_array    0x20006248        0x4 C:\Users\GEOFFY~1\AppData\Local\Temp\arduino-sketch-A94140FBAF6775FC295B5C7EAFB0FF51/core\core.a(Adafruit_USBD_CDC.cpp.o)
 .init_array    0x2000624c        0x4 C:\Users\GEOFFY~1\AppData\Local\Temp\arduino-sketch-A94140FBAF6775FC295B5C7EAFB0FF51/core\core.a(Adafruit_USBD_Device.cpp.o)
                0x20006250                PROVIDE (__init_array_end = .)
                0x20006250                . = ALIGN (0x4)
                [!provide]                PROVIDE (__fini_array_start = .)
 *(SORT_BY_NAME(.fini_array.*))
 *(.fini_array)
 .fini_array    0x20006250        0x4 c:/users/geoffysicist/appdata/local/arduino15/packages/adafruit/tools/arm-none-eabi-gcc/9-2019q4/bin/../lib/gcc/arm-none-eabi/9.2.1/thumb/v7e-m+fp/hard/crtbegin.o
                [!provide]                PROVIDE (__fini_array_end = .)
 *(.jcr*)
                0x20006254                . = ALIGN (0x4)
                0x20006254                __data_end__ = .
LOAD c:/users/geoffysicist/appdata/local/arduino15/packages/adafruit/tools/arm-none-eabi-gcc/9-2019q4/bin/../lib/gcc/arm-none-eabi/9.2.1/thumb/v7e-m+fp/hard/crtfastmath.o
LOAD c:/users/geoffysicist/appdata/local/arduino15/packages/adafruit/tools/arm-none-eabi-gcc/9-2019q4/bin/../lib/gcc/arm-none-eabi/9.2.1/thumb/v7e-m+fp/hard/crti.o
LOAD c:/users/geoffysicist/appdata/local/arduino15/packages/adafruit/tools/arm-none-eabi-gcc/9-2019q4/bin/../lib/gcc/arm-none-eabi/9.2.1/thumb/v7e-m+fp/hard/crtbegin.o
LOAD c:/users/geoffysicist/appdata/local/arduino15/packages/adafruit/tools/arm-none-eabi-gcc/9-2019q4/bin/../lib/gcc/arm-none-eabi/9.2.1/../../../../arm-none-eabi/lib/thumb/v7e-m+fp/hard/crt0.o
LOAD C:\Users\GEOFFY~1\AppData\Local\Temp\arduino-sketch-A94140FBAF6775FC295B5C7EAFB0FF51\sketch\proximity.ino.cpp.o
LOAD C:\Users\GEOFFY~1\AppData\Local\Temp\arduino-sketch-A94140FBAF6775FC295B5C7EAFB0FF51\libraries\PhysBrykC\physbryk.cpp.o
LOAD C:\Users\GEOFFY~1\AppData\Local\Temp\arduino-sketch-A94140FBAF6775FC295B5C7EAFB0FF51\libraries\Arduino_APDS9960\Arduino_APDS9960.cpp.o
LOAD C:\Users\GEOFFY~1\AppData\Local\Temp\arduino-sketch-A94140FBAF6775FC295B5C7EAFB0FF51\libraries\Wire\Wire_nRF52.cpp.o
LOAD C:\Users\GEOFFY~1\AppData\Local\Temp\arduino-sketch-A94140FBAF6775FC295B5C7EAFB0FF51\core\variant.cpp.o
START GROUP
LOAD c:/users/geoffysicist/appdata/local/arduino15/packages/adafruit/tools/arm-none-eabi-gcc/9-2019q4/bin/../lib/gcc/arm-none-eabi/9.2.1/../../../../arm-none-eabi/lib/thumb/v7e-m+fp/hard\libm.a
LOAD C:\Users\GEOFFY~1\AppData\Local\Temp\arduino-sketch-A94140FBAF6775FC295B5C7EAFB0FF51/core\core.a
END GROUP
START GROUP
LOAD c:/users/geoffysicist/appdata/local/arduino15/packages/adafruit/tools/arm-none-eabi-gcc/9-2019q4/bin/../lib/gcc/arm-none-eabi/9.2.1/thumb/v7e-m+fp/hard\libgcc.a
LOAD c:/users/geoffysicist/appdata/local/arduino15/packages/adafruit/tools/arm-none-eabi-gcc/9-2019q4/bin/../lib/gcc/arm-none-eabi/9.2.1/../../../../arm-none-eabi/lib/thumb/v7e-m+fp/hard\libc_nano.a
END GROUP
START GROUP
LOAD c:/users/geoffysicist/appdata/local/arduino15/packages/adafruit/tools/arm-none-eabi-gcc/9-2019q4/bin/../lib/gcc/arm-none-eabi/9.2.1/thumb/v7e-m+fp/hard\libgcc.a
LOAD c:/users/geoffysicist/appdata/local/arduino15/packages/adafruit/tools/arm-none-eabi-gcc/9-2019q4/bin/../lib/gcc/arm-none-eabi/9.2.1/../../../../arm-none-eabi/lib/thumb/v7e-m+fp/hard\libc_nano.a
LOAD c:/users/geoffysicist/appdata/local/arduino15/packages/adafruit/tools/arm-none-eabi-gcc/9-2019q4/bin/../lib/gcc/arm-none-eabi/9.2.1/../../../../arm-none-eabi/lib/thumb/v7e-m+fp/hard\libnosys.a
END GROUP
START GROUP
LOAD c:/users/geoffysicist/appdata/local/arduino15/packages/adafruit/tools/arm-none-eabi-gcc/9-2019q4/bin/../lib/gcc/arm-none-eabi/9.2.1/thumb/v7e-m+fp/hard\libgcc.a
LOAD c:/users/geoffysicist/appdata/local/arduino15/packages/adafruit/tools/arm-none-eabi-gcc/9-2019q4/bin/../lib/gcc/arm-none-eabi/9.2.1/../../../../arm-none-eabi/lib/thumb/v7e-m+fp/hard\libc_nano.a
LOAD c:/users/geoffysicist/appdata/local/arduino15/packages/adafruit/tools/arm-none-eabi-gcc/9-2019q4/bin/../lib/gcc/arm-none-eabi/9.2.1/../../../../arm-none-eabi/lib/thumb/v7e-m+fp/hard\libnosys.a
END GROUP
LOAD c:/users/geoffysicist/appdata/local/arduino15/packages/adafruit/tools/arm-none-eabi-gcc/9-2019q4/bin/../lib/gcc/arm-none-eabi/9.2.1/thumb/v7e-m+fp/hard/crtend.o
LOAD c:/users/geoffysicist/appdata/local/arduino15/packages/adafruit/tools/arm-none-eabi-gcc/9-2019q4/bin/../lib/gcc/arm-none-eabi/9.2.1/thumb/v7e-m+fp/hard/crtn.o
START GROUP
LOAD c:/users/geoffysicist/appdata/local/arduino15/packages/adafruit/tools/arm-none-eabi-gcc/9-2019q4/bin/../lib/gcc/arm-none-eabi/9.2.1/thumb/v7e-m+fp/hard\libgcc.a
LOAD c:/users/geoffysicist/appdata/local/arduino15/packages/adafruit/tools/arm-none-eabi-gcc/9-2019q4/bin/../lib/gcc/arm-none-eabi/9.2.1/../../../../arm-none-eabi/lib/thumb/v7e-m+fp/hard\libc.a
LOAD c:/users/geoffysicist/appdata/local/arduino15/packages/adafruit/tools/arm-none-eabi-gcc/9-2019q4/bin/../lib/gcc/arm-none-eabi/9.2.1/../../../../arm-none-eabi/lib/thumb/v7e-m+fp/hard\libnosys.a
END GROUP

.igot.plt       0x20006254        0x0 load address 0x0002faf0
 .igot.plt      0x20006254        0x0 c:/users/geoffysicist/appdata/local/arduino15/packages/adafruit/tools/arm-none-eabi-gcc/9-2019q4/bin/../lib/gcc/arm-none-eabi/9.2.1/thumb/v7e-m+fp/hard/crtfastmath.o
                0x20006254                . = ALIGN (0x4)

.svc_data       0x20006254        0x0
                [!provide]                PROVIDE (__start_svc_data = .)
 *(.svc_data)
                [!provide]                PROVIDE (__stop_svc_data = .)

.fs_data        0x20006254        0x0
                [!provide]                PROVIDE (__start_fs_data = .)
 *(.fs_data)
                [!provide]                PROVIDE (__stop_fs_data = .)

.bss            0x20006254     0x1900 load address 0x0002faf0
                0x20006254                . = ALIGN (0x4)
                0x20006254                __bss_start__ = .
 *(.bss*)
 .bss           0x20006254       0x1c c:/users/geoffysicist/appdata/local/arduino15/packages/adafruit/tools/arm-none-eabi-gcc/9-2019q4/bin/../lib/gcc/arm-none-eabi/9.2.1/thumb/v7e-m+fp/hard/crtbegin.o
 .bss.success   0x20006270        0x1 C:\Users\GEOFFY~1\AppData\Local\Temp\arduino-sketch-A94140FBAF6775FC295B5C7EAFB0FF51\sketch\proximity.ino.cpp.o